Component: ARM Compiler 5.06 update 6 (build 750) Tool: armlink [4d35ed]

==============================================================================

Section Cross References

    main.o(i.BtnCallback) refers to main.o(i.wakeUp) for wakeUp
    main.o(i.ConfigureExtendedIT) refers to main.o(i.NVIC_EnableIRQ) for NVIC_EnableIRQ
    main.o(i.ConfigureExtendedIT) refers to main.o(i.NVIC_SetPriority) for NVIC_SetPriority
    main.o(i.ImuIntPinsInit) refers to gpio.o(i.GPIO_Init) for GPIO_Init
    main.o(i.ledStatusFlagsUpdate) refers to cam_m8q.o(.data) for GPS_FIX_DATA_BUF
    main.o(i.ledStatusFlagsUpdate) refers to main.o(.data) for fGpsFix
    main.o(i.main) refers to system_stm32l0xx.o(i.SystemInit) for SystemInit
    main.o(i.main) refers to hw.o(i.hw_initSysclock) for hw_initSysclock
    main.o(i.main) refers to system_stm32l0xx.o(i.SystemCoreClockUpdate) for SystemCoreClockUpdate
    main.o(i.main) refers to aeabi_sdiv.o(.text) for __aeabi_uidivmod
    main.o(i.main) refers to main.o(i.NVIC_SetPriority) for NVIC_SetPriority
    main.o(i.main) refers to main.o(i.waitAlittle) for waitAlittle
    main.o(i.main) refers to led.o(i.led_init) for led_init
    main.o(i.main) refers to led.o(i.rgb_control_set) for rgb_control_set
    main.o(i.main) refers to led.o(i.rgb_blue_led_set) for rgb_blue_led_set
    main.o(i.main) refers to led.o(i.rgb_green_led_set) for rgb_green_led_set
    main.o(i.main) refers to led.o(i.rgb_red_led_clear) for rgb_red_led_clear
    main.o(i.main) refers to main.o(i.powerConPinInit) for powerConPinInit
    main.o(i.main) refers to main.o(i.peripheralPowerOn) for peripheralPowerOn
    main.o(i.main) refers to main.o(i.ledStatusFlagsUpdate) for ledStatusFlagsUpdate
    main.o(i.main) refers to main.o(i.updateGpsLookingForLed) for updateGpsLookingForLed
    main.o(i.main) refers to main.o(i.sleepCon) for sleepCon
    main.o(i.main) refers to interrupt.o(.data) for fSystemIsOn
    main.o(i.main) refers to system_stm32l0xx.o(.data) for SystemCoreClock
    main.o(i.main) refers to systick.o(.data) for f1s
    main.o(i.main) refers to main.o(.data) for fGpsLookingFor
    main.o(i.peripheralPowerOff) refers to gpio.o(i.GPIO_Off) for GPIO_Off
    main.o(i.peripheralPowerOn) refers to gpio.o(i.GPIO_On) for GPIO_On
    main.o(i.powerConPinInit) refers to gpio.o(i.GPIO_Init) for GPIO_Init
    main.o(i.sleepCon) refers to main.o(i.peripheralPowerOff) for peripheralPowerOff
    main.o(i.sleepCon) refers to i2c.o(i.Reset_I2C) for Reset_I2C
    main.o(i.sleepCon) refers to hw.o(i.arrangeGPIOforSleep) for arrangeGPIOforSleep
    main.o(i.sleepCon) refers to btn.o(i.btn_registerCallback) for btn_registerCallback
    main.o(i.sleepCon) refers to main.o(i.NVIC_EnableIRQ) for NVIC_EnableIRQ
    main.o(i.sleepCon) refers to main.o(i.NVIC_SetPriority) for NVIC_SetPriority
    main.o(i.sleepCon) refers to systick.o(.data) for fsleepEnable
    main.o(i.sleepCon) refers to interrupt.o(.data) for fSystemIsOn
    main.o(i.sleepCon) refers to main.o(i.BtnCallback) for BtnCallback
    main.o(i.updateDgpsFixLed) refers to led.o(i.rgb_control_set) for rgb_control_set
    main.o(i.updateDgpsFixLed) refers to led.o(i.rgb_blue_led_set) for rgb_blue_led_set
    main.o(i.updateDgpsFixLed) refers to led.o(i.rgb_red_led_set) for rgb_red_led_set
    main.o(i.updateDgpsFixLed) refers to led.o(i.rgb_green_led_clear) for rgb_green_led_clear
    main.o(i.updateDgpsFixLed) refers to led.o(i.rgb_green_led_set) for rgb_green_led_set
    main.o(i.updateDgpsFixLed) refers to main.o(.data) for RGBDfix100msCnt
    main.o(i.updateGpsFixLed) refers to led.o(i.rgb_control_set) for rgb_control_set
    main.o(i.updateGpsFixLed) refers to led.o(i.rgb_red_led_set) for rgb_red_led_set
    main.o(i.updateGpsFixLed) refers to led.o(i.rgb_green_led_set) for rgb_green_led_set
    main.o(i.updateGpsFixLed) refers to led.o(i.rgb_blue_led_clear) for rgb_blue_led_clear
    main.o(i.updateGpsFixLed) refers to led.o(i.rgb_blue_led_set) for rgb_blue_led_set
    main.o(i.updateGpsFixLed) refers to main.o(.data) for RGBFix100msCnt
    main.o(i.updateGpsLookingForLed) refers to led.o(i.rgb_control_set) for rgb_control_set
    main.o(i.updateGpsLookingForLed) refers to led.o(i.rgb_red_led_set) for rgb_red_led_set
    main.o(i.updateGpsLookingForLed) refers to led.o(i.rgb_green_led_set) for rgb_green_led_set
    main.o(i.updateGpsLookingForLed) refers to led.o(i.rgb_blue_led_clear) for rgb_blue_led_clear
    main.o(i.updateGpsLookingForLed) refers to led.o(i.rgb_blue_led_set) for rgb_blue_led_set
    main.o(i.updateGpsLookingForLed) refers to led.o(i.rgb_green_led_clear) for rgb_green_led_clear
    main.o(i.updateGpsLookingForLed) refers to led.o(i.rgb_control_clear) for rgb_control_clear
    main.o(i.updateGpsLookingForLed) refers to led.o(i.rgb_red_led_clear) for rgb_red_led_clear
    main.o(i.updateGpsLookingForLed) refers to main.o(.data) for RGB1sCnt
    main.o(i.updateNewAHRS) refers to rt_memcpy.o(.emb_text) for __aeabi_memcpy4
[...]
    narrow.o(i.__mathlib_tofloat) refers to deqf.o(x$fpl$deqf) for __aeabi_cdcmpeq
    narrow.o(i.__mathlib_tofloat) refers to d2f.o(.text) for __aeabi_d2f
    narrow.o(i.__mathlib_tofloat) refers to _rserrno.o(.text) for __set_errno
    narrow.o(i.__mathlib_tofloat) refers to drlef.o(x$fpl$drleqf) for __aeabi_cdrcmple
    narrow.o(i.__softfp___mathlib_tofloat) refers (Special) to usenofp.o(x$fpl$usenofp) for __I$use$fp
    narrow.o(i.__softfp___mathlib_tofloat) refers to narrow.o(i.__mathlib_tofloat) for __mathlib_tofloat
    rtexit2.o(.ARM.Collect$$rtexit$$00000003) refers to libshutdown.o(.ARM.Collect$$libshutdown$$00000000) for __rt_lib_shutdown
    rtexit2.o(.ARM.Collect$$rtexit$$00000004) refers to sys_exit.o(.text) for _sys_exit
    rtexit2.o(.ARM.exidx) refers to rtexit2.o(.ARM.Collect$$rtexit$$00000001) for .ARM.Collect$$rtexit$$00000001
    rtexit2.o(.ARM.exidx) refers to rtexit2.o(.ARM.Collect$$rtexit$$00000003) for .ARM.Collect$$rtexit$$00000003
    rtexit2.o(.ARM.exidx) refers to rtexit2.o(.ARM.Collect$$rtexit$$00000004) for .ARM.Collect$$rtexit$$00000004
    scanf_hexfp.o(.text) refers to _chval.o(.text) for _chval
    scanf_hexfp.o(.text) refers to llshl.o(.text) for __aeabi_llsl
    scanf_hexfp.o(.text) refers to ldexp.o(i.__support_ldexp) for __support_ldexp
    scanf_hexfp.o(.text) refers to narrow.o(i.__mathlib_narrow) for __mathlib_narrow
    defsig.o(CL$$defsig) refers to defsig_abrt_inner.o(.text) for __rt_SIGABRT_inner
    defsig.o(CL$$defsig) refers to defsig_fpe_inner.o(.text) for __rt_SIGFPE_inner
    defsig.o(CL$$defsig) refers to defsig_rtmem_inner.o(.text) for __rt_SIGRTMEM_inner
    _get_argv_nomalloc.o(.text) refers (Special) to hrguard.o(.text) for __heap_region$guard
    _get_argv_nomalloc.o(.text) refers to defsig_rtmem_outer.o(.text) for __rt_SIGRTMEM
    _get_argv_nomalloc.o(.text) refers to sys_command.o(.text) for _sys_command_string
    deqf.o(x$fpl$deqf) refers (Special) to usenofp.o(x$fpl$usenofp) for __I$use$fp
    deqf.o(x$fpl$deqf) refers to dcmpin.o(.text) for __fpl_dcmp_InfNaN
    frexp.o(i.__softfp_frexp) refers (Special) to usenofp.o(x$fpl$usenofp) for __I$use$fp
    frexp.o(i.__softfp_frexp) refers to dscalbn.o(.text) for __ARM_scalbn
    frexp.o(i.frexp) refers (Special) to usenofp.o(x$fpl$usenofp) for __I$use$fp
    frexp.o(i.frexp) refers to dscalbn.o(.text) for __ARM_scalbn
    sys_command.o(.text) refers (Special) to use_no_semi.o(.text) for __I$use$semihosting
    sys_command.o(.text) refers (Special) to indicate_semi.o(.text) for __semihosting_library_function
    defsig_rtred_inner.o(.text) refers to defsig_general.o(.text) for __default_signal_display
    defsig_rtmem_inner.o(.text) refers to defsig_general.o(.text) for __default_signal_display
    defsig_rtmem_outer.o(.text) refers to defsig_rtmem_inner.o(.text) for __rt_SIGRTMEM_inner
    defsig_rtmem_outer.o(.text) refers to defsig_exit.o(.text) for __sig_exit
    defsig_rtmem_formal.o(.text) refers to rt_raise.o(.text) for __rt_raise
    defsig_stak_inner.o(.text) refers to defsig_general.o(.text) for __default_signal_display
    defsig_pvfn_inner.o(.text) refers to defsig_general.o(.text) for __default_signal_display
    defsig_cppl_inner.o(.text) refers to defsig_general.o(.text) for __default_signal_display
    defsig_segv_inner.o(.text) refers to defsig_general.o(.text) for __default_signal_display
    defsig_other.o(.text) refers to defsig_general.o(.text) for __default_signal_display
    libshutdown.o(.ARM.Collect$$libshutdown$$00000000) refers (Special) to libshutdown2.o(.ARM.Collect$$libshutdown$$00000002) for __rt_lib_shutdown_cpp_1
    libshutdown.o(.ARM.Collect$$libshutdown$$00000000) refers (Special) to libshutdown2.o(.ARM.Collect$$libshutdown$$00000007) for __rt_lib_shutdown_fp_trap_1
    libshutdown.o(.ARM.Collect$$libshutdown$$00000000) refers (Special) to libshutdown2.o(.ARM.Collect$$libshutdown$$0000000F) for __rt_lib_shutdown_heap_1
    libshutdown.o(.ARM.Collect$$libshutdown$$00000000) refers (Special) to libshutdown2.o(.ARM.Collect$$libshutdown$$00000010) for __rt_lib_shutdown_return
    libshutdown.o(.ARM.Collect$$libshutdown$$00000000) refers (Special) to libshutdown2.o(.ARM.Collect$$libshutdown$$0000000A) for __rt_lib_shutdown_signal_1
    libshutdown.o(.ARM.Collect$$libshutdown$$00000000) refers (Special) to libshutdown2.o(.ARM.Collect$$libshutdown$$00000004) for __rt_lib_shutdown_stdio_1
    libshutdown.o(.ARM.Collect$$libshutdown$$00000000) refers (Special) to libshutdown2.o(.ARM.Collect$$libshutdown$$0000000C) for __rt_lib_shutdown_user_alloc_1
    ldexp.o(i.__softfp_ldexp) refers (Special) to usenofp.o(x$fpl$usenofp) for __I$use$fp
    ldexp.o(i.__softfp_ldexp) refers to ldexp.o(i.ldexp) for ldexp
    ldexp.o(i.__support_ldexp) refers (Special) to usenofp.o(x$fpl$usenofp) for __I$use$fp
    ldexp.o(i.__support_ldexp) refers to ldexp.o(i.ldexp) for ldexp
    ldexp.o(i.ldexp) refers (Special) to usenofp.o(x$fpl$usenofp) for __I$use$fp
    ldexp.o(i.ldexp) refers to deqf.o(x$fpl$deqf) for __aeabi_cdcmpeq
    ldexp.o(i.ldexp) refers to dscalbn.o(.text) for __ARM_scalbn
    ldexp.o(i.ldexp) refers to _rserrno.o(.text) for __set_errno
    ldexp.o(i.ldexp) refers to dunder.o(i.__mathlib_dbl_underflow) for __mathlib_dbl_underflow
    ldexp.o(i.ldexp) refers to dunder.o(i.__mathlib_dbl_overflow) for __mathlib_dbl_overflow
    ldexp_x.o(i.____softfp_ldexp$lsc) refers (Special) to usenofp.o(x$fpl$usenofp) for __I$use$fp
    ldexp_x.o(i.____softfp_ldexp$lsc) refers to ldexp_x.o(i.__ldexp$lsc) for __ldexp$lsc
    ldexp_x.o(i.____support_ldexp$lsc) refers (Special) to usenofp.o(x$fpl$usenofp) for __I$use$fp
    ldexp_x.o(i.____support_ldexp$lsc) refers to ldexp_x.o(i.__ldexp$lsc) for __ldexp$lsc
    ldexp_x.o(i.__ldexp$lsc) refers (Special) to usenofp.o(x$fpl$usenofp) for __I$use$fp
    ldexp_x.o(i.__ldexp$lsc) refers to deqf.o(x$fpl$deqf) for __aeabi_cdcmpeq
    ldexp_x.o(i.__ldexp$lsc) refers to dscalbn.o(.text) for __ARM_scalbn
    ldexp_x.o(i.__ldexp$lsc) refers to _rserrno.o(.text) for __set_errno
    ldexp_x.o(i.__ldexp$lsc) refers to qnan.o(.constdata) for __mathlib_zero
    scanf_fp.o(i._is_digit) refers (Special) to usenofp.o(x$fpl$usenofp) for __I$use$fp
    scanf_fp.o(i._is_digit) refers (Special) to lc_numeric_c.o(locale$$code) for _get_lc_numeric


==============================================================================

Removing Unused input sections from the image.

    Removing main.o(.rev16_text), (4 bytes).
    Removing main.o(.revsh_text), (4 bytes).
    Removing main.o(i.ConfigureExtendedIT), (84 bytes).
    Removing main.o(i.ImuIntPinsInit), (92 bytes).
    Removing main.o(i.updateDgpsFixLed), (212 bytes).
    Removing main.o(i.updateGpsFixLed), (212 bytes).
    Removing main.o(i.updateNewAHRS), (1812 bytes).
    Removing main.o(i.xbeeCommOff), (14 bytes).
    Removing main.o(i.xbeeCommOn), (14 bytes).
    Removing main.o(i.xbeePinsInit), (70 bytes).
    Removing main.o(i.xbeeReset), (14 bytes).
    Removing main.o(i.xbeeSet), (14 bytes).
    Removing main.o(.bss), (88 bytes).
    Removing main.o(.constdata), (108 bytes).
    Removing button.o(.rev16_text), (4 bytes).
    Removing button.o(.revsh_text), (4 bytes).
    Removing button.o(i.Configure_DBG), (68 bytes).
    Removing button.o(i.Configure_EXTI), (64 bytes).
    Removing button.o(i.NVIC_EnableIRQ), (20 bytes).
    Removing button.o(i.NVIC_SetPriority), (120 bytes).
    Removing button.o(i.buttonPressed), (36 bytes).
    Removing button.o(i.button_init), (84 bytes).
    Removing button.o(i.readButtonPin), (180 bytes).
    Removing button.o(.data), (12 bytes).
    Removing gpio.o(.rev16_text), (4 bytes).
    Removing gpio.o(.revsh_text), (4 bytes).
    Removing gpio.o(i.Button_Initialize), (48 bytes).
    Removing gpio.o(i.GPIO_Output_Init), (46 bytes).
    Removing gpio.o(i.GPIO_Uninit), (52 bytes).
    Removing hw.o(.rev16_text), (4 bytes).
    Removing hw.o(.revsh_text), (4 bytes).
    Removing hw.o(i.hw_init), (32 bytes).
    Removing i2c.o(.rev16_text), (4 bytes).
    Removing i2c.o(.revsh_text), (4 bytes).
    Removing i2c.o(i.I2C_Init), (228 bytes).
    Removing i2c.o(i.I2C_Read_Reg), (192 bytes).
    Removing i2c.o(i.I2C_Write_Bulk), (192 bytes).
    Removing i2c.o(i.I2C_Write_NoAck), (164 bytes).
    Removing i2c.o(i.NVIC_SetPriority), (120 bytes).
    Removing i2c.o(.data), (4 bytes).
    Removing interrupt.o(.rev16_text), (4 bytes).
    Removing interrupt.o(.revsh_text), (4 bytes).
    Removing led.o(.rev16_text), (4 bytes).
    Removing led.o(.revsh_text), (4 bytes).
    Removing led.o(i.bl_led_clear), (16 bytes).
    Removing led.o(i.bl_led_set), (16 bytes).
    Removing led.o(i.rf_led_clear), (16 bytes).
    Removing led.o(i.rf_led_set), (16 bytes).
    Removing mma8452q.o(.rev16_text), (4 bytes).
    Removing mma8452q.o(.revsh_text), (4 bytes).
    Removing mma8452q.o(i.calibrate_acc), (320 bytes).
    Removing mma8452q.o(i.checkAccelerometer), (44 bytes).
    Removing mma8452q.o(i.filterAccData), (464 bytes).
    Removing mma8452q.o(i.read_acc), (220 bytes).
    Removing mma8452q.o(i.recordToAccBuffer), (92 bytes).
    Removing mma8452q.o(i.start_acc), (102 bytes).
    Removing mma8452q.o(.bss), (120 bytes).
    Removing mma8452q.o(.data), (64 bytes).
    Removing cam_m8q.o(.rev16_text), (4 bytes).
    Removing cam_m8q.o(.revsh_text), (4 bytes).
    Removing cam_m8q.o(i.GPSdataUpdate), (180 bytes).
    Removing cam_m8q.o(i.NMEA_GxGGA_RECEIVED), (308 bytes).
    Removing cam_m8q.o(i.NMEA_GxRMC_RECEIVED), (140 bytes).
    Removing cam_m8q.o(i.NVIC_SetPriority), (120 bytes).
    Removing cam_m8q.o(i.USART1_Init), (196 bytes).
    Removing cam_m8q.o(i.USART1_PutChar), (24 bytes).
    Removing cam_m8q.o(i.USART1_Send), (30 bytes).
    Removing cam_m8q.o(i.initGPSubxData), (348 bytes).
    Removing cam_m8q.o(.constdata), (16 bytes).
    Removing fxas21002.o(.rev16_text), (4 bytes).
    Removing fxas21002.o(.revsh_text), (4 bytes).
    Removing fxas21002.o(i.checkGyro), (44 bytes).
    Removing fxas21002.o(i.filterGyroData), (496 bytes).
    Removing fxas21002.o(i.gyro_low_power_mode), (2 bytes).
    Removing fxas21002.o(i.read_gyro), (172 bytes).
    Removing fxas21002.o(i.recordToGyroBuffer), (92 bytes).
    Removing fxas21002.o(i.start_gyro), (118 bytes).
    Removing fxas21002.o(.bss), (120 bytes).
    Removing fxas21002.o(.data), (40 bytes).
    Removing iis2mdc_reg.o(.rev16_text), (4 bytes).
    Removing iis2mdc_reg.o(.revsh_text), (4 bytes).
    Removing iis2mdc_reg.o(i.checkMagnetometer), (44 bytes).
    Removing iis2mdc_reg.o(i.filterMagData), (512 bytes).
    Removing iis2mdc_reg.o(i.iis2mdc_from_lsb_to_celsius), (28 bytes).
    Removing iis2mdc_reg.o(i.iis2mdc_from_lsb_to_mgauss), (16 bytes).
    Removing iis2mdc_reg.o(i.iis2mdc_from_lsb_to_uTesla), (20 bytes).
    Removing iis2mdc_reg.o(i.magneto_low_power_mode), (56 bytes).
    Removing iis2mdc_reg.o(i.read_magneto), (172 bytes).
    Removing iis2mdc_reg.o(i.recordToMagBuffer), (92 bytes).
    Removing iis2mdc_reg.o(i.start_magneto), (72 bytes).
    Removing iis2mdc_reg.o(.bss), (120 bytes).
    Removing iis2mdc_reg.o(.data), (28 bytes).
    Removing systick.o(.rev16_text), (4 bytes).
    Removing systick.o(.revsh_text), (4 bytes).
    Removing systick.o(i.NVIC_SetPriority), (120 bytes).
    Removing systick.o(i.systick_getTick), (12 bytes).
    Removing systick.o(i.systick_init), (52 bytes).
    Removing btn.o(.rev16_text), (4 bytes).
    Removing btn.o(.revsh_text), (4 bytes).
    Removing btn.o(i.btn_isPressed), (120 bytes).
    Removing xb3_24c.o(.rev16_text), (4 bytes).
    Removing xb3_24c.o(.revsh_text), (4 bytes).
    Removing xb3_24c.o(i.Configure_GPIO_LPUART), (68 bytes).
    Removing xb3_24c.o(i.Configure_LPUART_115200), (60 bytes).
    Removing xb3_24c.o(i.Configure_LPUART_9600), (60 bytes).
    Removing xb3_24c.o(i.IMUtoString), (84 bytes).
    Removing xb3_24c.o(i.LPUART1_PutChar), (24 bytes).
    Removing xb3_24c.o(i.LPUART1_Send), (30 bytes).
    Removing xb3_24c.o(i.LPUART1_Send_DataPack), (26 bytes).
    Removing xb3_24c.o(i.NVIC_EnableIRQ), (20 bytes).
    Removing xb3_24c.o(i.NVIC_SetPriority), (120 bytes).
    Removing xb3_24c.o(i.QUATtoString), (280 bytes).
    Removing xb3_24c.o(i.Wait_For_OK), (24 bytes).
    Removing xb3_24c.o(i.conGpsDataToDecDegree), (264 bytes).
    Removing xb3_24c.o(i.ftoa), (136 bytes).
    Removing xb3_24c.o(i.intToStr), (72 bytes).
    Removing xb3_24c.o(i.itoa), (138 bytes).
    Removing xb3_24c.o(i.packDataforZigbee), (476 bytes).
    Removing xb3_24c.o(i.reverse), (28 bytes).
    Removing xb3_24c.o(i.reverseInt), (34 bytes).
    Removing xb3_24c.o(i.swap), (10 bytes).
    Removing xb3_24c.o(i.xbeeColdVerifySetup), (180 bytes).
    Removing xbee.o(.rev16_text), (4 bytes).
    Removing xbee.o(.revsh_text), (4 bytes).
    Removing xbee.o(i.send_Msg), (204 bytes).
    Removing fusionahrs.o(i.FusionAhrsGetEarthAcceleration), (390 bytes).
    Removing fusionahrs.o(i.FusionAhrsGetLinearAcceleration), (14 bytes).
    Removing fusionahrs.o(i.FusionAhrsGetQuaternion), (72 bytes).
    Removing fusionahrs.o(i.FusionAhrsInitialise), (80 bytes).
    Removing fusionahrs.o(i.FusionAhrsIsInitialising), (22 bytes).
    Removing fusionahrs.o(i.FusionAhrsReinitialise), (68 bytes).
    Removing fusionahrs.o(i.FusionAhrsSetGain), (4 bytes).
    Removing fusionahrs.o(i.FusionAhrsSetMagneticField), (30 bytes).
    Removing fusionahrs.o(i.FusionAhrsSetYaw), (788 bytes).
    Removing fusionahrs.o(i.FusionAhrsUpdate), (2900 bytes).
    Removing fusionahrs.o(i.FusionAhrsUpdateWithoutMagnetometer), (92 bytes).
    Removing fusionahrs.o(.constdata), (32 bytes).
    Removing fusionbias.o(i.FusionBiasInitialise), (76 bytes).
    Removing fusionbias.o(i.FusionBiasIsActive), (28 bytes).
    Removing fusionbias.o(i.FusionBiasUpdate), (368 bytes).
    Removing system_stm32l0xx.o(.rev16_text), (4 bytes).
    Removing system_stm32l0xx.o(.revsh_text), (4 bytes).

142 unused section(s) (total 17226 bytes) removed from the image.

==============================================================================

Image Symbol Table

    Local Symbols

    Symbol Name                              Value     Ov Type        Size  Object(Section)

    ../clib/../cmprslib/zerorunl2.c          0x00000000   Number         0  __dczerorl2.o ABSOLUTE
    ../clib/angel/boardlib.s                 0x00000000   Number         0  boardinit3.o ABSOLUTE
    ../clib/angel/boardlib.s                 0x00000000   Number         0  boardinit2.o ABSOLUTE
    ../clib/angel/boardlib.s                 0x00000000   Number         0  boardinit1.o ABSOLUTE
    ../clib/angel/boardlib.s                 0x00000000   Number         0  boardshut.o ABSOLUTE
    ../clib/angel/handlers.s                 0x00000000   Number         0  __scatter_zi.o ABSOLUTE
    ../clib/angel/kernel.s                   0x00000000   Number         0  __rtentry2.o ABSOLUTE
    ../clib/angel/kernel.s                   0x00000000   Number         0  rtexit2.o ABSOLUTE
    ../clib/angel/kernel.s                   0x00000000   Number         0  __rtentry.o ABSOLUTE
    ../clib/angel/kernel.s                   0x00000000   Number         0  rtexit.o ABSOLUTE
    ../clib/angel/kernel.s                   0x00000000   Number         0  __rtentry4.o ABSOLUTE
    ../clib/angel/rt.s                       0x00000000   Number         0  rt_errno_addr_intlibspace.o ABSOLUTE
    ../clib/angel/rt.s                       0x00000000   Number         0  rt_locale.o ABSOLUTE
    ../clib/angel/rt.s                       0x00000000   Number         0  rt_locale_intlibspace.o ABSOLUTE
    ../clib/angel/rt.s                       0x00000000   Number         0  rt_raise.o ABSOLUTE
    ../clib/angel/rt.s                       0x00000000   Number         0  aeabi_idiv0_sigfpe.o ABSOLUTE
    ../clib/angel/rt.s                       0x00000000   Number         0  rt_div0.o ABSOLUTE
    ../clib/angel/rt.s                       0x00000000   Number         0  rt_errno_addr.o ABSOLUTE
    ../clib/angel/rt.s                       0x00000000   Number         0  rt_ctype_table.o ABSOLUTE
    ../clib/angel/rt.s                       0x00000000   Number         0  aeabi_idiv0.o ABSOLUTE
    ../clib/angel/scatterp.s                 0x00000000   Number         0  __scatter.o ABSOLUTE
    ../clib/angel/startup.s                  0x00000000   Number         0  __main.o ABSOLUTE
    ../clib/angel/sys.s                      0x00000000   Number         0  sys_stackheap_outer.o ABSOLUTE
    ../clib/angel/sys.s                      0x00000000   Number         0  tempstk.o ABSOLUTE
    ../clib/angel/sys.s                      0x00000000   Number         0  libspace.o ABSOLUTE
    ../clib/angel/sys.s                      0x00000000   Number         0  use_no_semi.o ABSOLUTE
    ../clib/angel/sys.s                      0x00000000   Number         0  indicate_semi.o ABSOLUTE
    ../clib/angel/sysapp.c                   0x00000000   Number         0  sys_exit.o ABSOLUTE
    ../clib/angel/sysapp.c                   0x00000000   Number         0  sys_wrch.o ABSOLUTE
    ../clib/angel/sysapp.c                   0x00000000   Number         0  sys_command.o ABSOLUTE
    ../clib/armsys.c                         0x00000000   Number         0  argv_veneer.o ABSOLUTE
    ../clib/armsys.c                         0x00000000   Number         0  _get_argv_nomalloc.o ABSOLUTE
    ../clib/armsys.c                         0x00000000   Number         0  no_argv.o ABSOLUTE
    ../clib/assert.c                         0x00000000   Number         0  assert_puts.o ABSOLUTE
    ../clib/assert.c                         0x00000000   Number         0  assert.o ABSOLUTE
    ../clib/bigflt.c                         0x00000000   Number         0  bigflt0.o ABSOLUTE
    ../clib/btod.c                           0x00000000   Number         0  btod.o ABSOLUTE
    ../clib/ctype.c                          0x00000000   Number         0  isspace.o ABSOLUTE
    ../clib/division.s                       0x00000000   Number         0  aeabi_sdiv.o ABSOLUTE
    ../clib/division.s                       0x00000000   Number         0  aeabi_sdiv_div0.o ABSOLUTE
    ../clib/fenv.c                           0x00000000   Number         0  _rserrno.o ABSOLUTE
    ../clib/heapalloc.c                      0x00000000   Number         0  hrguard.o ABSOLUTE
    ../clib/heapaux.c                        0x00000000   Number         0  heapauxi.o ABSOLUTE
    ../clib/libinit.s                        0x00000000   Number         0  libshutdown.o ABSOLUTE
    ../clib/libinit.s                        0x00000000   Number         0  libshutdown2.o ABSOLUTE
    ../clib/libinit.s                        0x00000000   Number         0  libinit.o ABSOLUTE
    ../clib/libinit.s                        0x00000000   Number         0  libinit2.o ABSOLUTE
    ../clib/locale.s                         0x00000000   Number         0  lc_numeric_c.o ABSOLUTE
    ../clib/locale.s                         0x00000000   Number         0  lc_ctype_c.o ABSOLUTE
    ../clib/longlong.c                       0x00000000   Number         0  llmul.o ABSOLUTE
    ../clib/longlong.c                       0x00000000   Number         0  llshl.o ABSOLUTE
    ../clib/memcpset.c                       0x00000000   Number         0  rt_memclr.o ABSOLUTE
    ../clib/memcpset.c                       0x00000000   Number         0  rt_memcpy.o ABSOLUTE
    ../clib/memcpset.c                       0x00000000   Number         0  rt_memcpy.o ABSOLUTE
    ../clib/scanf.c                          0x00000000   Number         0  scanf_fp.o ABSOLUTE
    ../clib/scanf.c                          0x00000000   Number         0  _sgetc.o ABSOLUTE
    ../clib/scanf.c                          0x00000000   Number         0  scanf_infnan.o ABSOLUTE
    ../clib/scanf.c                          0x00000000   Number         0  scanf_hexfp.o ABSOLUTE
    ../clib/scanf.c                          0x00000000   Number         0  strtod.o ABSOLUTE
    ../clib/scanf.c                          0x00000000   Number         0  _chval.o ABSOLUTE
    ../clib/signal.c                         0x00000000   Number         0  defsig_rtmem_outer.o ABSOLUTE
    ../clib/signal.c                         0x00000000   Number         0  defsig_fpe_formal.o ABSOLUTE
    ../clib/signal.c                         0x00000000   Number         0  defsig_stak_inner.o ABSOLUTE
    ../clib/signal.c                         0x00000000   Number         0  defsig_pvfn_inner.o ABSOLUTE
    ../clib/signal.c                         0x00000000   Number         0  defsig_cppl_inner.o ABSOLUTE
    ../clib/signal.c                         0x00000000   Number         0  defsig_segv_inner.o ABSOLUTE
    ../clib/signal.c                         0x00000000   Number         0  defsig_other.o ABSOLUTE
    ../clib/signal.c                         0x00000000   Number         0  defsig_abrt_inner.o ABSOLUTE
    ../clib/signal.c                         0x00000000   Number         0  defsig_exit.o ABSOLUTE
    ../clib/signal.c                         0x00000000   Number         0  __raise.o ABSOLUTE
    ../clib/signal.c                         0x00000000   Number         0  defsig_general.o ABSOLUTE
    ../clib/signal.c                         0x00000000   Number         0  defsig_fpe_inner.o ABSOLUTE
    ../clib/signal.c                         0x00000000   Number         0  defsig_rtmem_formal.o ABSOLUTE
    ../clib/signal.c                         0x00000000   Number         0  defsig_abrt_outer.o ABSOLUTE
    ../clib/signal.c                         0x00000000   Number         0  defsig_fpe_outer.o ABSOLUTE
    ../clib/signal.c                         0x00000000   Number         0  defsig_rtred_inner.o ABSOLUTE
    ../clib/signal.c                         0x00000000   Number         0  defsig_rtmem_inner.o ABSOLUTE
    ../clib/signal.c                         0x00000000   Number         0  defsig_abrt_formal.o ABSOLUTE
    ../clib/signal.s                         0x00000000   Number         0  defsig.o ABSOLUTE
    ../clib/stdlib.c                         0x00000000   Number         0  exit.o ABSOLUTE
    ../clib/stdlib.c                         0x00000000   Number         0  abort.o ABSOLUTE
    ../clib/string.c                         0x00000000   Number         0  strncmp.o ABSOLUTE
    ../clib/string.c                         0x00000000   Number         0  strcat.o ABSOLUTE
    ../clib/string.c                         0x00000000   Number         0  strlen.o ABSOLUTE
    ../clib/string.c                         0x00000000   Number         0  strcmp.o ABSOLUTE
    ../fplib/cfplib/cmpret.c                 0x00000000   Number         0  cmpret.o ABSOLUTE
    ../fplib/cfplib/d2f.c                    0x00000000   Number         0  d2f.o ABSOLUTE
    ../fplib/cfplib/daddsub.c                0x00000000   Number         0  daddsub.o ABSOLUTE
    ../fplib/cfplib/dcmpin.c                 0x00000000   Number         0  dcmpin.o ABSOLUTE
    ../fplib/cfplib/ddiv.c                   0x00000000   Number         0  ddiv.o ABSOLUTE
    ../fplib/cfplib/dmul.c                   0x00000000   Number         0  dmul.o ABSOLUTE
    ../fplib/cfplib/dsqrt.c                  0x00000000   Number         0  dsqrt.o ABSOLUTE
    ../fplib/cfplib/f2d.c                    0x00000000   Number         0  f2d.o ABSOLUTE
    ../fplib/cfplib/fcmpin.c                 0x00000000   Number         0  fcmpin.o ABSOLUTE
    ../fplib/cfplib/fdiv.c                   0x00000000   Number         0  fdiv.o ABSOLUTE
    ../fplib/cfplib/ffix.c                   0x00000000   Number         0  ffixi.o ABSOLUTE
    ../fplib/cfplib/fflt.c                   0x00000000   Number         0  dflti.o ABSOLUTE
    ../fplib/cfplib/fflt.c                   0x00000000   Number         0  fflti.o ABSOLUTE
    ../fplib/cfplib/fpinit.c                 0x00000000   Number         0  fpinit.o ABSOLUTE
    ../fplib/cfplib/frnd.c                   0x00000000   Number         0  frnd.o ABSOLUTE
    ../fplib/cfplib/fsqrt.c                  0x00000000   Number         0  fsqrt.o ABSOLUTE
    ../fplib/cfplib/ieee_status.c            0x00000000   Number         0  ieee_status.o ABSOLUTE
    ../fplib/cfplib/nan2.c                   0x00000000   Number         0  fnan2.o ABSOLUTE
    ../fplib/cfplib/nan2.c                   0x00000000   Number         0  dnan2.o ABSOLUTE
    ../fplib/cfplib/retnan.c                 0x00000000   Number         0  retnan.o ABSOLUTE
    ../fplib/cfplib/scalbn.c                 0x00000000   Number         0  fscalbn.o ABSOLUTE
    ../fplib/cfplib/scalbn.c                 0x00000000   Number         0  dscalbn.o ABSOLUTE
    ../fplib/deqf6m.s                        0x00000000   Number         0  deqf.o ABSOLUTE
    ../fplib/dleqf6m.s                       0x00000000   Number         0  dlef.o ABSOLUTE
    ../fplib/drleqf6m.s                      0x00000000   Number         0  drlef.o ABSOLUTE
    ../fplib/faddsub6m.s                     0x00000000   Number         0  faddsub.o ABSOLUTE
    ../fplib/feqf6m.s                        0x00000000   Number         0  feqf.o ABSOLUTE
    ../fplib/fleqf6m.s                       0x00000000   Number         0  flef.o ABSOLUTE
    ../fplib/fmul6m.s                        0x00000000   Number         0  fmul.o ABSOLUTE
    ../fplib/fpconst.s                       0x00000000   Number         0  fpconst.o ABSOLUTE
    ../fplib/frleqf6m.s                      0x00000000   Number         0  frlef.o ABSOLUTE
    ../fplib/scanf1.s                        0x00000000   Number         0  scanf1.o ABSOLUTE
    ../fplib/scanf2.s                        0x00000000   Number         0  scanf2.o ABSOLUTE
    ../fplib/scanf2a.s                       0x00000000   Number         0  scanf2a.o ABSOLUTE
    ../fplib/scanf2b.s                       0x00000000   Number         0  scanf2b.o ABSOLUTE
    ../fplib/usenofp.s                       0x00000000   Number         0  usenofp.o ABSOLUTE
    ../mathlib/asinf.c                       0x00000000   Number         0  asinf.o ABSOLUTE
    ../mathlib/asinf.c                       0x00000000   Number         0  asinf_x.o ABSOLUTE
    ../mathlib/atan2f.c                      0x00000000   Number         0  atan2f_x.o ABSOLUTE
    ../mathlib/atan2f.c                      0x00000000   Number         0  atan2f.o ABSOLUTE
    ../mathlib/atof.c                        0x00000000   Number         0  atof.o ABSOLUTE
    ../mathlib/cosf.c                        0x00000000   Number         0  cosf.o ABSOLUTE
    ../mathlib/cosf.c                        0x00000000   Number         0  cosf_x.o ABSOLUTE
    ../mathlib/dunder.c                      0x00000000   Number         0  dunder.o ABSOLUTE
    ../mathlib/fpclassify.c                  0x00000000   Number         0  fpclassify.o ABSOLUTE
    ../mathlib/fpclassifyf.c                 0x00000000   Number         0  fpclassifyf.o ABSOLUTE
    ../mathlib/frexp.c                       0x00000000   Number         0  frexp.o ABSOLUTE
    ../mathlib/funder.c                      0x00000000   Number         0  funder.o ABSOLUTE
    ../mathlib/ldexp.c                       0x00000000   Number         0  ldexp.o ABSOLUTE
    ../mathlib/ldexp.c                       0x00000000   Number         0  ldexp_x.o ABSOLUTE
    ../mathlib/modf.c                        0x00000000   Number         0  modf.o ABSOLUTE
    ../mathlib/narrow.c                      0x00000000   Number         0  narrow.o ABSOLUTE
    ../mathlib/poly.c                        0x00000000   Number         0  poly.o ABSOLUTE
    ../mathlib/pow.c                         0x00000000   Number         0  pow.o ABSOLUTE
    ../mathlib/pow.c                         0x00000000   Number         0  pow_x.o ABSOLUTE
    ../mathlib/qnan.c                        0x00000000   Number         0  qnan.o ABSOLUTE
    ../mathlib/rredf.c                       0x00000000   Number         0  rredf.o ABSOLUTE
    ../mathlib/sinf.c                        0x00000000   Number         0  sinf.o ABSOLUTE
    ../mathlib/sinf.c                        0x00000000   Number         0  sinf_x.o ABSOLUTE
    ../mathlib/sqrt.c                        0x00000000   Number         0  sqrt_x.o ABSOLUTE
    ../mathlib/sqrt.c                        0x00000000   Number         0  sqrt.o ABSOLUTE
    ../mathlib/sqrtf.c                       0x00000000   Number         0  sqrtf_x.o ABSOLUTE
    ../mathlib/sqrtf.c                       0x00000000   Number         0  sqrtf.o ABSOLUTE
    Source\\src\\btn.c                       0x00000000   Number         0  btn.o ABSOLUTE
    Source\\src\\button.c                    0x00000000   Number         0  button.o ABSOLUTE
    Source\\src\\cam_m8q.c                   0x00000000   Number         0  cam_m8q.o ABSOLUTE
    Source\\src\\fxas21002.c                 0x00000000   Number         0  fxas21002.o ABSOLUTE
    Source\\src\\gpio.c                      0x00000000   Number         0  gpio.o ABSOLUTE
    Source\\src\\hw.c                        0x00000000   Number         0  hw.o ABSOLUTE
    Source\\src\\i2c.c                       0x00000000   Number         0  i2c.o ABSOLUTE
    Source\\src\\iis2mdc_reg.c               0x00000000   Number         0  iis2mdc_reg.o ABSOLUTE
    Source\\src\\interrupt.c                 0x00000000   Number         0  interrupt.o ABSOLUTE
    Source\\src\\led.c                       0x00000000   Number         0  led.o ABSOLUTE
    Source\\src\\mma8452q.c                  0x00000000   Number         0  mma8452q.o ABSOLUTE
    Source\\src\\system_stm32l0xx.c          0x00000000   Number         0  system_stm32l0xx.o ABSOLUTE
    Source\\src\\systick.c                   0x00000000   Number         0  systick.o ABSOLUTE
    Source\\src\\xb3_24c.c                   0x00000000   Number         0  xb3_24c.o ABSOLUTE
    Source\\src\\xbee.c                      0x00000000   Number         0  xbee.o ABSOLUTE
    Source\src\FusionAhrs.c                  0x00000000   Number         0  fusionahrs.o ABSOLUTE
    Source\src\FusionBias.c                  0x00000000   Number         0  fusionbias.o ABSOLUTE
    Source\src\btn.c                         0x00000000   Number         0  btn.o ABSOLUTE
    Source\src\button.c                      0x00000000   Number         0  button.o ABSOLUTE
    Source\src\cam_m8q.c                     0x00000000   Number         0  cam_m8q.o ABSOLUTE
    Source\src\fxas21002.c                   0x00000000   Number         0  fxas21002.o ABSOLUTE
    Source\src\gpio.c                        0x00000000   Number         0  gpio.o ABSOLUTE
    Source\src\hw.c                          0x00000000   Number         0  hw.o ABSOLUTE
    Source\src\i2c.c                         0x00000000   Number         0  i2c.o ABSOLUTE
    Source\src\iis2mdc_reg.c                 0x00000000   Number         0  iis2mdc_reg.o ABSOLUTE
    Source\src\interrupt.c                   0x00000000   Number         0  interrupt.o ABSOLUTE
    Source\src\led.c                         0x00000000   Number         0  led.o ABSOLUTE
    Source\src\mma8452q.c                    0x00000000   Number         0  mma8452q.o ABSOLUTE
    Source\src\startup_stm32l053xx.s         0x00000000   Number         0  startup_stm32l053xx.o ABSOLUTE
    Source\src\system_stm32l0xx.c            0x00000000   Number         0  system_stm32l0xx.o ABSOLUTE
    Source\src\systick.c                     0x00000000   Number         0  systick.o ABSOLUTE
    Source\src\xb3_24c.c                     0x00000000   Number         0  xb3_24c.o ABSOLUTE
    Source\src\xbee.c                        0x00000000   Number         0  xbee.o ABSOLUTE
    dc.s                                     0x00000000   Number         0  dc.o ABSOLUTE
    main.c                                   0x00000000   Number         0  main.o ABSOLUTE
    main.c                                   0x00000000   Number         0  main.o ABSOLUTE
    RESET                                    0x08000000   Section      192  startup_stm32l053xx.o(RESET)
    !!!main                                  0x080000c0   Section        8  __main.o(!!!main)
    !!!scatter                               0x080000c8   Section       60  __scatter.o(!!!scatter)
    !!handler_zi                             0x08000104   Section       28  __scatter_zi.o(!!handler_zi)
    .ARM.Collect$$libinit$$00000000          0x08000120   Section        2  libinit.o(.ARM.Collect$$libinit$$00000000)
    .ARM.Collect$$libinit$$00000002          0x08000122   Section        0  libinit2.o(.ARM.Collect$$libinit$$00000002)
    .ARM.Collect$$libinit$$00000004          0x08000122   Section        0  libinit2.o(.ARM.Collect$$libinit$$00000004)
    .ARM.Collect$$libinit$$0000000A          0x08000122   Section        0  libinit2.o(.ARM.Collect$$libinit$$0000000A)
    .ARM.Collect$$libinit$$0000000C          0x08000122   Section        0  libinit2.o(.ARM.Collect$$libinit$$0000000C)
    .ARM.Collect$$libinit$$0000000E          0x08000122   Section        0  libinit2.o(.ARM.Collect$$libinit$$0000000E)
    .ARM.Collect$$libinit$$00000011          0x08000122   Section        0  libinit2.o(.ARM.Collect$$libinit$$00000011)
    .ARM.Collect$$libinit$$00000013          0x08000122   Section        0  libinit2.o(.ARM.Collect$$libinit$$00000013)
    .ARM.Collect$$libinit$$00000015          0x08000122   Section        0  libinit2.o(.ARM.Collect$$libinit$$00000015)
    .ARM.Collect$$libinit$$00000017          0x08000122   Section        0  libinit2.o(.ARM.Collect$$libinit$$00000017)
    .ARM.Collect$$libinit$$00000019          0x08000122   Section        0  libinit2.o(.ARM.Collect$$libinit$$00000019)
    .ARM.Collect$$libinit$$0000001B          0x08000122   Section        0  libinit2.o(.ARM.Collect$$libinit$$0000001B)
    .ARM.Collect$$libinit$$0000001D          0x08000122   Section        0  libinit2.o(.ARM.Collect$$libinit$$0000001D)
    .ARM.Collect$$libinit$$0000001F          0x08000122   Section        0  libinit2.o(.ARM.Collect$$libinit$$0000001F)
    .ARM.Collect$$libinit$$00000021          0x08000122   Section        0  libinit2.o(.ARM.Collect$$libinit$$00000021)
    .ARM.Collect$$libinit$$00000023          0x08000122   Section        0  libinit2.o(.ARM.Collect$$libinit$$00000023)
    .ARM.Collect$$libinit$$00000025          0x08000122   Section        0  libinit2.o(.ARM.Collect$$libinit$$00000025)
    .ARM.Collect$$libinit$$0000002C          0x08000122   Section        0  libinit2.o(.ARM.Collect$$libinit$$0000002C)
    .ARM.Collect$$libinit$$0000002E          0x08000122   Section        0  libinit2.o(.ARM.Collect$$libinit$$0000002E)
    .ARM.Collect$$libinit$$00000030          0x08000122   Section        0  libinit2.o(.ARM.Collect$$libinit$$00000030)
    .ARM.Collect$$libinit$$00000032          0x08000122   Section        0  libinit2.o(.ARM.Collect$$libinit$$00000032)
    .ARM.Collect$$libinit$$00000033          0x08000122   Section        2  libinit2.o(.ARM.Collect$$libinit$$00000033)
    .ARM.Collect$$libshutdown$$00000000      0x08000124   Section        2  libshutdown.o(.ARM.Collect$$libshutdown$$00000000)
    .ARM.Collect$$libshutdown$$00000002      0x08000126   Section        0  libshutdown2.o(.ARM.Collect$$libshutdown$$00000002)
    .ARM.Collect$$libshutdown$$00000004      0x08000126   Section        0  libshutdown2.o(.ARM.Collect$$libshutdown$$00000004)
    .ARM.Collect$$libshutdown$$00000007      0x08000126   Section        0  libshutdown2.o(.ARM.Collect$$libshutdown$$00000007)
    .ARM.Collect$$libshutdown$$0000000A      0x08000126   Section        0  libshutdown2.o(.ARM.Collect$$libshutdown$$0000000A)
    .ARM.Collect$$libshutdown$$0000000C      0x08000126   Section        0  libshutdown2.o(.ARM.Collect$$libshutdown$$0000000C)
    .ARM.Collect$$libshutdown$$0000000F      0x08000126   Section        0  libshutdown2.o(.ARM.Collect$$libshutdown$$0000000F)
    .ARM.Collect$$libshutdown$$00000010      0x08000126   Section        2  libshutdown2.o(.ARM.Collect$$libshutdown$$00000010)
    .ARM.Collect$$rtentry$$00000000          0x08000128   Section        0  __rtentry.o(.ARM.Collect$$rtentry$$00000000)
    .ARM.Collect$$rtentry$$00000002          0x08000128   Section        0  __rtentry2.o(.ARM.Collect$$rtentry$$00000002)
    .ARM.Collect$$rtentry$$00000004          0x08000128   Section        6  __rtentry4.o(.ARM.Collect$$rtentry$$00000004)
    .ARM.Collect$$rtentry$$00000009          0x0800012e   Section        0  __rtentry2.o(.ARM.Collect$$rtentry$$00000009)
    .ARM.Collect$$rtentry$$0000000A          0x0800012e   Section        4  __rtentry2.o(.ARM.Collect$$rtentry$$0000000A)
    .ARM.Collect$$rtentry$$0000000C          0x08000132   Section        0  __rtentry2.o(.ARM.Collect$$rtentry$$0000000C)
    .ARM.Collect$$rtentry$$0000000D          0x08000132   Section        8  __rtentry2.o(.ARM.Collect$$rtentry$$0000000D)
    .ARM.Collect$$rtexit$$00000000           0x0800013a   Section        2  rtexit.o(.ARM.Collect$$rtexit$$00000000)
    .ARM.Collect$$rtexit$$00000002           0x0800013c   Section        0  rtexit2.o(.ARM.Collect$$rtexit$$00000002)
    .ARM.Collect$$rtexit$$00000003           0x0800013c   Section        4  rtexit2.o(.ARM.Collect$$rtexit$$00000003)
    .ARM.Collect$$rtexit$$00000004           0x08000140   Section        6  rtexit2.o(.ARM.Collect$$rtexit$$00000004)
    .emb_text                                0x08000148   Section       56  rt_memcpy.o(.emb_text)
    .text                                    0x08000180   Section       56  startup_stm32l053xx.o(.text)
    .text                                    0x080001b8   Section        0  assert.o(.text)
    .text                                    0x08000234   Section        0  strncmp.o(.text)
    .text                                    0x080002d4   Section        0  rt_memcpy.o(.text)
    .text                                    0x08000356   Section        0  rt_memclr.o(.text)
    .text                                    0x08000396   Section      346  aeabi_sdiv.o(.text)
    .text                                    0x080004f0   Section        0  heapauxi.o(.text)
    .text                                    0x080004f6   Section        0  abort.o(.text)
    .text                                    0x0800050a   Section        0  assert_puts.o(.text)
    .text                                    0x0800051e   Section        0  sys_wrch.o(.text)
    .text                                    0x0800052c   Section        0  sys_exit.o(.text)
    .text                                    0x08000538   Section        0  defsig_abrt_outer.o(.text)
    .text                                    0x08000544   Section        8  libspace.o(.text)
    .text                                    0x0800054c   Section        2  use_no_semi.o(.text)
    .text                                    0x0800054e   Section       62  sys_stackheap_outer.o(.text)
    .text                                    0x0800054e   Section        0  indicate_semi.o(.text)
    .text                                    0x0800058c   Section        0  exit.o(.text)
    .text                                    0x0800059c   Section        0  defsig_exit.o(.text)
    .text                                    0x080005a8   Section        0  defsig_abrt_inner.o(.text)
    .text                                    0x080005d8   Section        0  defsig_general.o(.text)
    .text                                    0x0800060c   Section        0  __dczerorl2.o(.text)
    i.BtnCallback                            0x08000662   Section        0  main.o(i.BtnCallback)
    i.EXTI0_1_IRQHandler                     0x08000668   Section        0  interrupt.o(i.EXTI0_1_IRQHandler)
    i.EXTI4_15_IRQHandler                    0x08000698   Section        0  interrupt.o(i.EXTI4_15_IRQHandler)
    i.GPIO_Init                              0x0800069c   Section        0  gpio.o(i.GPIO_Init)
    i.GPIO_Off                               0x08000744   Section        0  gpio.o(i.GPIO_Off)
    i.GPIO_On                                0x08000756   Section        0  gpio.o(i.GPIO_On)
    i.HardFault_Handler                      0x08000764   Section        0  interrupt.o(i.HardFault_Handler)
    i.I2C1_IRQHandler                        0x08000788   Section        0  interrupt.o(i.I2C1_IRQHandler)
    i.NMI_Handler                            0x08000794   Section        0  interrupt.o(i.NMI_Handler)
    i.NVIC_EnableIRQ                         0x08000798   Section        0  main.o(i.NVIC_EnableIRQ)
    NVIC_EnableIRQ                           0x08000799   Thumb Code    14  main.o(i.NVIC_EnableIRQ)
    i.NVIC_SetPriority                       0x080007ac   Section        0  main.o(i.NVIC_SetPriority)
    NVIC_SetPriority                         0x080007ad   Thumb Code   110  main.o(i.NVIC_SetPriority)
    i.NVIC_SetPriority                       0x08000824   Section        0  interrupt.o(i.NVIC_SetPriority)
    NVIC_SetPriority                         0x08000825   Thumb Code   110  interrupt.o(i.NVIC_SetPriority)
    i.PendSV_Handler                         0x0800089c   Section        0  interrupt.o(i.PendSV_Handler)
    i.RCC_CRS_IRQHandler                     0x080008a0   Section        0  interrupt.o(i.RCC_CRS_IRQHandler)
    i.RNG_LPUART1_IRQHandler                 0x08000928   Section        0  xb3_24c.o(i.RNG_LPUART1_IRQHandler)
    i.RTC_IRQHandler                         0x080009cc   Section        0  interrupt.o(i.RTC_IRQHandler)
    i.RecDataToGPSbuffer                     0x080009ec   Section        0  cam_m8q.o(i.RecDataToGPSbuffer)
    i.Reset_I2C                              0x08000ac8   Section        0  i2c.o(i.Reset_I2C)
    i.SVC_Handler                            0x08000af4   Section        0  interrupt.o(i.SVC_Handler)
    i.SysTick_Handler                        0x08000af6   Section        0  interrupt.o(i.SysTick_Handler)
    i.SystemCoreClockUpdate                  0x08000b00   Section        0  system_stm32l0xx.o(i.SystemCoreClockUpdate)
    i.SystemInit                             0x08000bfc   Section        0  system_stm32l0xx.o(i.SystemInit)
    i.USART1_IRQHandler                      0x08000c64   Section        0  cam_m8q.o(i.USART1_IRQHandler)
    i.arrangeGPIOforSleep                    0x08000c8c   Section        0  hw.o(i.arrangeGPIOforSleep)
    i.btn_isr                                0x08000ef4   Section        0  btn.o(i.btn_isr)
    i.btn_registerCallback                   0x08000f34   Section        0  btn.o(i.btn_registerCallback)
    i.hw_initSysclock                        0x08000fe8   Section        0  hw.o(i.hw_initSysclock)
    i.ledStatusFlagsUpdate                   0x08001100   Section        0  main.o(i.ledStatusFlagsUpdate)
    i.led_init                               0x08001180   Section        0  led.o(i.led_init)
    i.main                                   0x08001220   Section        0  main.o(i.main)
    i.peripheralPowerOff                     0x080012c8   Section        0  main.o(i.peripheralPowerOff)
    i.peripheralPowerOn                      0x080012d8   Section        0  main.o(i.peripheralPowerOn)
    i.powerConPinInit                        0x080012e8   Section        0  main.o(i.powerConPinInit)
    i.rgb_blue_led_clear                     0x08001318   Section        0  led.o(i.rgb_blue_led_clear)
    i.rgb_blue_led_set                       0x08001328   Section        0  led.o(i.rgb_blue_led_set)
    i.rgb_control_clear                      0x08001338   Section        0  led.o(i.rgb_control_clear)
    i.rgb_control_set                        0x08001348   Section        0  led.o(i.rgb_control_set)
    i.rgb_green_led_clear                    0x08001358   Section        0  led.o(i.rgb_green_led_clear)
    i.rgb_green_led_set                      0x08001368   Section        0  led.o(i.rgb_green_led_set)
    i.rgb_red_led_clear                      0x08001378   Section        0  led.o(i.rgb_red_led_clear)
    i.rgb_red_led_set                        0x08001386   Section        0  led.o(i.rgb_red_led_set)
    i.sleepCon                               0x08001394   Section        0  main.o(i.sleepCon)
    i.systick_delayMs                        0x08001540   Section        0  systick.o(i.systick_delayMs)
    i.systick_irq                            0x08001558   Section        0  systick.o(i.systick_irq)
    i.updateGpsLookingForLed                 0x080016a8   Section        0  main.o(i.updateGpsLookingForLed)
    i.waitAlittle                            0x08001720   Section        0  main.o(i.waitAlittle)
    i.wakeUp                                 0x0800172c   Section        0  main.o(i.wakeUp)
    .constdata                               0x0800174c   Section       13  xb3_24c.o(.constdata)
    OK                                       0x0800174c   Data           4  xb3_24c.o(.constdata)
    cmdOK                                    0x08001750   Data           3  xb3_24c.o(.constdata)
    cmdERROR                                 0x08001753   Data           6  xb3_24c.o(.constdata)
    .constdata                               0x08001759   Section       33  system_stm32l0xx.o(.constdata)
    .data                                    0x20000000   Section       76  main.o(.data)
    .data                                    0x2000004c   Section        4  interrupt.o(.data)
    .data                                    0x20000050   Section       78  cam_m8q.o(.data)
    .data                                    0x200000a0   Section       80  systick.o(.data)
    .data                                    0x200000f0   Section        6  btn.o(.data)
    pfHandlingFct                            0x200000f0   Data           4  btn.o(.data)
    bIsrFlag                                 0x200000f4   Data           1  btn.o(.data)
    tHandlingCtx                             0x200000f5   Data           1  btn.o(.data)
    .data                                    0x200000f8   Section       88  xb3_24c.o(.data)
    .data                                    0x20000150   Section        4  system_stm32l0xx.o(.data)
    .bss                                     0x20000154   Section      328  cam_m8q.o(.bss)
    .bss                                     0x2000029c   Section      410  xb3_24c.o(.bss)
    .bss                                     0x20000438   Section       96  libspace.o(.bss)
    HEAP                                     0x20000498   Section      512  startup_stm32l053xx.o(HEAP)
    Heap_Mem                                 0x20000498   Data         512  startup_stm32l053xx.o(HEAP)
    STACK                                    0x20000698   Section     1024  startup_stm32l053xx.o(STACK)
    Stack_Mem                                0x20000698   Data        1024  startup_stm32l053xx.o(STACK)
    __initial_sp                             0x20000a98   Data           0  startup_stm32l053xx.o(STACK)

    Global Symbols

    Symbol Name                              Value     Ov Type        Size  Object(Section)

    BuildAttributes$$THM_ISAv3M$S$PE$A:L22$X:L11$S22$IEEE1$IW$USESV6$~STKCKD$USESV7$~SHL$OTIME$ROPI$IEEEX$EBA8$UX$STANDARDLIB$REQ8$PRES8$EABIv2 0x00000000   Number         0  anon$$obj.o ABSOLUTE
    __ARM_use_no_argv                        0x00000000   Number         0  main.o ABSOLUTE
    __ARM_exceptions_init                     - Undefined Weak Reference
    __alloca_initialize                       - Undefined Weak Reference
    __arm_preinit_                            - Undefined Weak Reference
    __cpp_initialize__aeabi_                  - Undefined Weak Reference
    __cxa_finalize                            - Undefined Weak Reference
    __sigvec_lookup                           - Undefined Weak Reference
    _atexit_init                              - Undefined Weak Reference
    _call_atexit_fns                          - Undefined Weak Reference
    _clock_init                               - Undefined Weak Reference
    _fp_trap_init                             - Undefined Weak Reference
    _fp_trap_shutdown                         - Undefined Weak Reference
    _get_lc_collate                           - Undefined Weak Reference
    _get_lc_monetary                          - Undefined Weak Reference
    _get_lc_time                              - Undefined Weak Reference
    _getenv_init                              - Undefined Weak Reference
    _handle_redirection                       - Undefined Weak Reference
    _init_alloc                               - Undefined Weak Reference
    _init_user_alloc                          - Undefined Weak Reference
    _initio                                   - Undefined Weak Reference
    _rand_init                                - Undefined Weak Reference
    _signal_finish                            - Undefined Weak Reference
    _signal_init                              - Undefined Weak Reference
    _terminate_alloc                          - Undefined Weak Reference
    _terminate_user_alloc                     - Undefined Weak Reference
    _terminateio                              - Undefined Weak Reference
    __Vectors_Size                           0x000000c0   Number         0  startup_stm32l053xx.o ABSOLUTE
    __Vectors                                0x08000000   Data           4  startup_stm32l053xx.o(RESET)
    __Vectors_End                            0x080000c0   Data           0  startup_stm32l053xx.o(RESET)
    __main                                   0x080000c1   Thumb Code     8  __main.o(!!!main)
    __scatterload                            0x080000c9   Thumb Code     0  __scatter.o(!!!scatter)
    __scatterload_rt2                        0x080000c9   Thumb Code    52  __scatter.o(!!!scatter)
    __scatterload_rt2_thumb_only             0x080000c9   Thumb Code     0  __scatter.o(!!!scatter)
    __scatterload_null                       0x080000d9   Thumb Code     0  __scatter.o(!!!scatter)
    __scatterload_zeroinit                   0x08000105   Thumb Code    28  __scatter_zi.o(!!handler_zi)
    __rt_lib_init                            0x08000121   Thumb Code     0  libinit.o(.ARM.Collect$$libinit$$00000000)
    __rt_lib_init_alloca_1                   0x08000123   Thumb Code     0  libinit2.o(.ARM.Collect$$libinit$$0000002E)
    __rt_lib_init_argv_1                     0x08000123   Thumb Code     0  libinit2.o(.ARM.Collect$$libinit$$0000002C)
    __rt_lib_init_atexit_1                   0x08000123   Thumb Code     0  libinit2.o(.ARM.Collect$$libinit$$0000001B)
    __rt_lib_init_clock_1                    0x08000123   Thumb Code     0  libinit2.o(.ARM.Collect$$libinit$$00000021)
    __rt_lib_init_cpp_1                      0x08000123   Thumb Code     0  libinit2.o(.ARM.Collect$$libinit$$00000032)
    __rt_lib_init_exceptions_1               0x08000123   Thumb Code     0  libinit2.o(.ARM.Collect$$libinit$$00000030)
    __rt_lib_init_fp_1                       0x08000123   Thumb Code     0  libinit2.o(.ARM.Collect$$libinit$$00000002)
    __rt_lib_init_fp_trap_1                  0x08000123   Thumb Code     0  libinit2.o(.ARM.Collect$$libinit$$0000001F)
    __rt_lib_init_getenv_1                   0x08000123   Thumb Code     0  libinit2.o(.ARM.Collect$$libinit$$00000023)
    __rt_lib_init_heap_1                     0x08000123   Thumb Code     0  libinit2.o(.ARM.Collect$$libinit$$0000000A)
    __rt_lib_init_lc_collate_1               0x08000123   Thumb Code     0  libinit2.o(.ARM.Collect$$libinit$$00000011)
    __rt_lib_init_lc_ctype_1                 0x08000123   Thumb Code     0  libinit2.o(.ARM.Collect$$libinit$$00000013)
    __rt_lib_init_lc_monetary_1              0x08000123   Thumb Code     0  libinit2.o(.ARM.Collect$$libinit$$00000015)
    __rt_lib_init_lc_numeric_1               0x08000123   Thumb Code     0  libinit2.o(.ARM.Collect$$libinit$$00000017)
    __rt_lib_init_lc_time_1                  0x08000123   Thumb Code     0  libinit2.o(.ARM.Collect$$libinit$$00000019)
    __rt_lib_init_preinit_1                  0x08000123   Thumb Code     0  libinit2.o(.ARM.Collect$$libinit$$00000004)
    __rt_lib_init_rand_1                     0x08000123   Thumb Code     0  libinit2.o(.ARM.Collect$$libinit$$0000000E)
    __rt_lib_init_return                     0x08000123   Thumb Code     0  libinit2.o(.ARM.Collect$$libinit$$00000033)
    __rt_lib_init_signal_1                   0x08000123   Thumb Code     0  libinit2.o(.ARM.Collect$$libinit$$0000001D)
    __rt_lib_init_stdio_1                    0x08000123   Thumb Code     0  libinit2.o(.ARM.Collect$$libinit$$00000025)
    __rt_lib_init_user_alloc_1               0x08000123   Thumb Code     0  libinit2.o(.ARM.Collect$$libinit$$0000000C)
    __rt_lib_shutdown                        0x08000125   Thumb Code     0  libshutdown.o(.ARM.Collect$$libshutdown$$00000000)
    __rt_lib_shutdown_cpp_1                  0x08000127   Thumb Code     0  libshutdown2.o(.ARM.Collect$$libshutdown$$00000002)
    __rt_lib_shutdown_fp_trap_1              0x08000127   Thumb Code     0  libshutdown2.o(.ARM.Collect$$libshutdown$$00000007)
    __rt_lib_shutdown_heap_1                 0x08000127   Thumb Code     0  libshutdown2.o(.ARM.Collect$$libshutdown$$0000000F)
    __rt_lib_shutdown_return                 0x08000127   Thumb Code     0  libshutdown2.o(.ARM.Collect$$libshutdown$$00000010)
    __rt_lib_shutdown_signal_1               0x08000127   Thumb Code     0  libshutdown2.o(.ARM.Collect$$libshutdown$$0000000A)
    __rt_lib_shutdown_stdio_1                0x08000127   Thumb Code     0  libshutdown2.o(.ARM.Collect$$libshutdown$$00000004)
    __rt_lib_shutdown_user_alloc_1           0x08000127   Thumb Code     0  libshutdown2.o(.ARM.Collect$$libshutdown$$0000000C)
    __rt_entry                               0x08000129   Thumb Code     0  __rtentry.o(.ARM.Collect$$rtentry$$00000000)
    __rt_entry_presh_1                       0x08000129   Thumb Code     0  __rtentry2.o(.ARM.Collect$$rtentry$$00000002)
    __rt_entry_sh                            0x08000129   Thumb Code     0  __rtentry4.o(.ARM.Collect$$rtentry$$00000004)
    __rt_entry_li                            0x0800012f   Thumb Code     0  __rtentry2.o(.ARM.Collect$$rtentry$$0000000A)
    __rt_entry_postsh_1                      0x0800012f   Thumb Code     0  __rtentry2.o(.ARM.Collect$$rtentry$$00000009)
    __rt_entry_main                          0x08000133   Thumb Code     0  __rtentry2.o(.ARM.Collect$$rtentry$$0000000D)
    __rt_entry_postli_1                      0x08000133   Thumb Code     0  __rtentry2.o(.ARM.Collect$$rtentry$$0000000C)
    __rt_exit                                0x0800013b   Thumb Code     0  rtexit.o(.ARM.Collect$$rtexit$$00000000)
    __rt_exit_ls                             0x0800013d   Thumb Code     0  rtexit2.o(.ARM.Collect$$rtexit$$00000003)
    __rt_exit_prels_1                        0x0800013d   Thumb Code     0  rtexit2.o(.ARM.Collect$$rtexit$$00000002)
    __rt_exit_exit                           0x08000141   Thumb Code     0  rtexit2.o(.ARM.Collect$$rtexit$$00000004)
    __aeabi_memcpy4                          0x08000149   Thumb Code    56  rt_memcpy.o(.emb_text)
    __aeabi_memcpy8                          0x08000149   Thumb Code     0  rt_memcpy.o(.emb_text)
    Reset_Handler                            0x08000181   Thumb Code     8  startup_stm32l053xx.o(.text)
    ADC1_COMP_IRQHandler                     0x08000193   Thumb Code     0  startup_stm32l053xx.o(.text)
    DMA1_Channel1_IRQHandler                 0x08000193   Thumb Code     0  startup_stm32l053xx.o(.text)
    DMA1_Channel2_3_IRQHandler               0x08000193   Thumb Code     0  startup_stm32l053xx.o(.text)
    DMA1_Channel4_5_6_7_IRQHandler           0x08000193   Thumb Code     0  startup_stm32l053xx.o(.text)
    EXTI2_3_IRQHandler                       0x08000193   Thumb Code     0  startup_stm32l053xx.o(.text)
    FLASH_IRQHandler                         0x08000193   Thumb Code     0  startup_stm32l053xx.o(.text)
    I2C2_IRQHandler                          0x08000193   Thumb Code     0  startup_stm32l053xx.o(.text)
    LCD_IRQHandler                           0x08000193   Thumb Code     0  startup_stm32l053xx.o(.text)
    LPTIM1_IRQHandler                        0x08000193   Thumb Code     0  startup_stm32l053xx.o(.text)
    PVD_IRQHandler                           0x08000193   Thumb Code     0  startup_stm32l053xx.o(.text)
    SPI1_IRQHandler                          0x08000193   Thumb Code     0  startup_stm32l053xx.o(.text)
    SPI2_IRQHandler                          0x08000193   Thumb Code     0  startup_stm32l053xx.o(.text)
    TIM21_IRQHandler                         0x08000193   Thumb Code     0  startup_stm32l053xx.o(.text)
    TIM22_IRQHandler                         0x08000193   Thumb Code     0  startup_stm32l053xx.o(.text)
    TIM2_IRQHandler                          0x08000193   Thumb Code     0  startup_stm32l053xx.o(.text)
    TIM6_DAC_IRQHandler                      0x08000193   Thumb Code     0  startup_stm32l053xx.o(.text)
    TSC_IRQHandler                           0x08000193   Thumb Code     0  startup_stm32l053xx.o(.text)
    USART2_IRQHandler                        0x08000193   Thumb Code     0  startup_stm32l053xx.o(.text)
    USB_IRQHandler                           0x08000193   Thumb Code     0  startup_stm32l053xx.o(.text)
    WWDG_IRQHandler                          0x08000193   Thumb Code     0  startup_stm32l053xx.o(.text)
    __user_initial_stackheap                 0x08000195   Thumb Code     0  startup_stm32l053xx.o(.text)
    __aeabi_assert                           0x080001b9   Thumb Code    82  assert.o(.text)
    __assert                                 0x080001b9   Thumb Code     0  assert.o(.text)
    strncmp                                  0x08000235   Thumb Code   154  strncmp.o(.text)
    __aeabi_memcpy                           0x080002d5   Thumb Code   130  rt_memcpy.o(.text)
    __rt_memcpy                              0x080002d5   Thumb Code     0  rt_memcpy.o(.text)
    _memset_w                                0x08000357   Thumb Code    26  rt_memclr.o(.text)
    _memset                                  0x08000371   Thumb Code    30  rt_memclr.o(.text)
    __aeabi_memclr                           0x0800038f   Thumb Code     4  rt_memclr.o(.text)
    __rt_memclr                              0x0800038f   Thumb Code     0  rt_memclr.o(.text)
    __aeabi_memclr4                          0x08000393   Thumb Code     0  rt_memclr.o(.text)
    __aeabi_memclr8                          0x08000393   Thumb Code     0  rt_memclr.o(.text)
    __rt_memclr_w                            0x08000393   Thumb Code     4  rt_memclr.o(.text)
    __aeabi_uidiv                            0x08000397   Thumb Code     0  aeabi_sdiv.o(.text)
    __aeabi_uidivmod                         0x08000397   Thumb Code    20  aeabi_sdiv.o(.text)
    __aeabi_idiv                             0x080003ab   Thumb Code     0  aeabi_sdiv.o(.text)
    __aeabi_idivmod                          0x080003ab   Thumb Code   326  aeabi_sdiv.o(.text)
    __use_two_region_memory                  0x080004f1   Thumb Code     2  heapauxi.o(.text)
    __rt_heap_escrow$2region                 0x080004f3   Thumb Code     2  heapauxi.o(.text)
    __rt_heap_expand$2region                 0x080004f5   Thumb Code     2  heapauxi.o(.text)
    abort                                    0x080004f7   Thumb Code    20  abort.o(.text)
    __assert_puts                            0x0800050b   Thumb Code    20  assert_puts.o(.text)
    _ttywrch                                 0x0800051f   Thumb Code    12  sys_wrch.o(.text)
    _sys_exit                                0x0800052d   Thumb Code     8  sys_exit.o(.text)
    __rt_SIGABRT                             0x08000539   Thumb Code    12  defsig_abrt_outer.o(.text)
    __user_libspace                          0x08000545   Thumb Code     8  libspace.o(.text)
    __user_perproc_libspace                  0x08000545   Thumb Code     0  libspace.o(.text)
    __user_perthread_libspace                0x08000545   Thumb Code     0  libspace.o(.text)
    __I$use$semihosting                      0x0800054d   Thumb Code     0  use_no_semi.o(.text)
    __use_no_semihosting_swi                 0x0800054d   Thumb Code     2  use_no_semi.o(.text)
    __semihosting_library_function           0x0800054f   Thumb Code     0  indicate_semi.o(.text)
    __user_setup_stackheap                   0x0800054f   Thumb Code    62  sys_stackheap_outer.o(.text)
    exit                                     0x0800058d   Thumb Code    16  exit.o(.text)
    __sig_exit                               0x0800059d   Thumb Code    12  defsig_exit.o(.text)
    __rt_SIGABRT_inner                       0x080005a9   Thumb Code    14  defsig_abrt_inner.o(.text)
    __default_signal_display                 0x080005d9   Thumb Code    52  defsig_general.o(.text)
    __decompress                             0x0800060d   Thumb Code     0  __dczerorl2.o(.text)
    __decompress1                            0x0800060d   Thumb Code    86  __dczerorl2.o(.text)
    BtnCallback                              0x08000663   Thumb Code     4  main.o(i.BtnCallback)
    EXTI0_1_IRQHandler                       0x08000669   Thumb Code    40  interrupt.o(i.EXTI0_1_IRQHandler)
    EXTI4_15_IRQHandler                      0x08000699   Thumb Code     2  interrupt.o(i.EXTI4_15_IRQHandler)
    GPIO_Init                                0x0800069d   Thumb Code   150  gpio.o(i.GPIO_Init)
    GPIO_Off                                 0x08000745   Thumb Code    18  gpio.o(i.GPIO_Off)
    GPIO_On                                  0x08000757   Thumb Code    14  gpio.o(i.GPIO_On)
    HardFault_Handler                        0x08000765   Thumb Code    26  interrupt.o(i.HardFault_Handler)
    I2C1_IRQHandler                          0x08000789   Thumb Code     6  interrupt.o(i.I2C1_IRQHandler)
    NMI_Handler                              0x08000795   Thumb Code     2  interrupt.o(i.NMI_Handler)
    PendSV_Handler                           0x0800089d   Thumb Code     2  interrupt.o(i.PendSV_Handler)
    RCC_CRS_IRQHandler                       0x080008a1   Thumb Code   114  interrupt.o(i.RCC_CRS_IRQHandler)
    RNG_LPUART1_IRQHandler                   0x08000929   Thumb Code   130  xb3_24c.o(i.RNG_LPUART1_IRQHandler)
    RTC_IRQHandler                           0x080009cd   Thumb Code    26  interrupt.o(i.RTC_IRQHandler)
    RecDataToGPSbuffer                       0x080009ed   Thumb Code   200  cam_m8q.o(i.RecDataToGPSbuffer)
    Reset_I2C                                0x08000ac9   Thumb Code    38  i2c.o(i.Reset_I2C)
    SVC_Handler                              0x08000af5   Thumb Code     2  interrupt.o(i.SVC_Handler)
    SysTick_Handler                          0x08000af7   Thumb Code     8  interrupt.o(i.SysTick_Handler)
    SystemCoreClockUpdate                    0x08000b01   Thumb Code   230  system_stm32l0xx.o(i.SystemCoreClockUpdate)
    SystemInit                               0x08000bfd   Thumb Code    88  system_stm32l0xx.o(i.SystemInit)
    USART1_IRQHandler                        0x08000c65   Thumb Code    32  cam_m8q.o(i.USART1_IRQHandler)
    arrangeGPIOforSleep                      0x08000c8d   Thumb Code   612  hw.o(i.arrangeGPIOforSleep)
    btn_isr                                  0x08000ef5   Thumb Code    52  btn.o(i.btn_isr)
    btn_registerCallback                     0x08000f35   Thumb Code    68  btn.o(i.btn_registerCallback)
    hw_initSysclock                          0x08000fe9   Thumb Code   266  hw.o(i.hw_initSysclock)
    ledStatusFlagsUpdate                     0x08001101   Thumb Code    98  main.o(i.ledStatusFlagsUpdate)
    led_init                                 0x08001181   Thumb Code   156  led.o(i.led_init)
    main                                     0x08001221   Thumb Code   142  main.o(i.main)
    peripheralPowerOff                       0x080012c9   Thumb Code    12  main.o(i.peripheralPowerOff)
    peripheralPowerOn                        0x080012d9   Thumb Code    12  main.o(i.peripheralPowerOn)
    powerConPinInit                          0x080012e9   Thumb Code    44  main.o(i.powerConPinInit)
    rgb_blue_led_clear                       0x08001319   Thumb Code    12  led.o(i.rgb_blue_led_clear)
    rgb_blue_led_set                         0x08001329   Thumb Code    12  led.o(i.rgb_blue_led_set)
    rgb_control_clear                        0x08001339   Thumb Code    12  led.o(i.rgb_control_clear)
    rgb_control_set                          0x08001349   Thumb Code    12  led.o(i.rgb_control_set)
    rgb_green_led_clear                      0x08001359   Thumb Code    12  led.o(i.rgb_green_led_clear)
    rgb_green_led_set                        0x08001369   Thumb Code    12  led.o(i.rgb_green_led_set)
    rgb_red_led_clear                        0x08001379   Thumb Code    14  led.o(i.rgb_red_led_clear)
    rgb_red_led_set                          0x08001387   Thumb Code    14  led.o(i.rgb_red_led_set)
    sleepCon                                 0x08001395   Thumb Code   386  main.o(i.sleepCon)
    systick_delayMs                          0x08001541   Thumb Code    18  systick.o(i.systick_delayMs)
    systick_irq                              0x08001559   Thumb Code   258  systick.o(i.systick_irq)
    updateGpsLookingForLed                   0x080016a9   Thumb Code   114  main.o(i.updateGpsLookingForLed)
    waitAlittle                              0x08001721   Thumb Code    10  main.o(i.waitAlittle)
    wakeUp                                   0x0800172d   Thumb Code    22  main.o(i.wakeUp)
    AHBPrescTable                            0x08001759   Data          16  system_stm32l0xx.o(.constdata)
    APBPrescTable                            0x08001769   Data           8  system_stm32l0xx.o(.constdata)
    PLLMulTable                              0x08001771   Data           9  system_stm32l0xx.o(.constdata)
    Region$$Table$$Base                      0x0800177c   Number         0  anon$$obj.o(Region$$Table)
    Region$$Table$$Limit                     0x0800179c   Number         0  anon$$obj.o(Region$$Table)
    samplePeriod                             0x20000000   Data           4  main.o(.data)
    RGB1sCnt                                 0x20000004   Data           4  main.o(.data)
    RGBFix100msCnt                           0x20000008   Data           4  main.o(.data)
    RGBDfix100msCnt                          0x2000000c   Data           4  main.o(.data)
    sensorReadCnt                            0x20000010   Data           4  main.o(.data)
    sensorReadErrorCnt                       0x20000014   Data           4  main.o(.data)
    fMagIsOk                                 0x20000018   Data           4  main.o(.data)
    fAccIsOk                                 0x2000001c   Data           4  main.o(.data)
    fGyroIsOk                                0x20000020   Data           4  main.o(.data)
    fGpsFix                                  0x20000024   Data           4  main.o(.data)
    fDgpsFix                                 0x20000028   Data           4  main.o(.data)
    fGpsLookingFor                           0x2000002c   Data           4  main.o(.data)
    cntLed                                   0x20000030   Data           4  main.o(.data)
    gyroscopeSensitivity                     0x20000034   Data          12  main.o(.data)
    accelerometerSensitivity                 0x20000040   Data          12  main.o(.data)
    fSystemIsOn                              0x2000004c   Data           4  interrupt.o(.data)
    i                                        0x20000050   Data           4  cam_m8q.o(.data)
    j                                        0x20000054   Data           4  cam_m8q.o(.data)
    k                                        0x20000058   Data           4  cam_m8q.o(.data)
    Rx_Data                                  0x2000005c   Data           1  cam_m8q.o(.data)
    fGPSdataUpdate                           0x20000060   Data           4  cam_m8q.o(.data)
    GPS_TIME_BUF                             0x20000064   Data          10  cam_m8q.o(.data)
    GPS_LAT_BUF                              0x2000006e   Data          11  cam_m8q.o(.data)
    GPS_LON_BUF                              0x20000079   Data          12  cam_m8q.o(.data)
    GPS_FIX_DATA_BUF                         0x20000085   Data           2  cam_m8q.o(.data)
    GPS_HDOP_BUF                             0x20000087   Data           4  cam_m8q.o(.data)
    GPS_VELOCITY_BUF                         0x2000008b   Data           6  cam_m8q.o(.data)
    GPS_DATE_BUF                             0x20000091   Data           7  cam_m8q.o(.data)
    GPS_ALTITUDE_DATA_BUF                    0x20000098   Data           6  cam_m8q.o(.data)
    f1ms                                     0x200000a0   Data           4  systick.o(.data)
    f2ms                                     0x200000a4   Data           4  systick.o(.data)
    f10ms                                    0x200000a8   Data           4  systick.o(.data)
    f20ms                                    0x200000ac   Data           4  systick.o(.data)
    f50ms                                    0x200000b0   Data           4  systick.o(.data)
    f100ms                                   0x200000b4   Data           4  systick.o(.data)
    f1s                                      0x200000b8   Data           4  systick.o(.data)
    f2s                                      0x200000bc   Data           4  systick.o(.data)
    f10s                                     0x200000c0   Data           4  systick.o(.data)
    cnt2ms                                   0x200000c4   Data           4  systick.o(.data)
    cnt10ms                                  0x200000c8   Data           4  systick.o(.data)
    cnt20ms                                  0x200000cc   Data           4  systick.o(.data)
    cnt50ms                                  0x200000d0   Data           4  systick.o(.data)
    cnt100ms                                 0x200000d4   Data           4  systick.o(.data)
    cnt1s                                    0x200000d8   Data           4  systick.o(.data)
    cnt2s                                    0x200000dc   Data           4  systick.o(.data)
    cnt10s                                   0x200000e0   Data           4  systick.o(.data)
    fsleepEnable                             0x200000e4   Data           4  systick.o(.data)
    sleepCounter                             0x200000e8   Data           4  systick.o(.data)
    u32Tick                                  0x200000ec   Data           4  systick.o(.data)
    ChIndex                                  0x200000f8   Data           1  xb3_24c.o(.data)
    Device_Ack_Flag                          0x200000f9   Data           1  xb3_24c.o(.data)
    Device_Error_Flag                        0x200000fa   Data           1  xb3_24c.o(.data)
    latString                                0x200000fb   Data          12  xb3_24c.o(.data)
    lonString                                0x20000107   Data          12  xb3_24c.o(.data)
    str_quat_w                               0x20000113   Data           8  xb3_24c.o(.data)
    str_quat_x                               0x2000011b   Data           8  xb3_24c.o(.data)
    str_quat_y                               0x20000123   Data           8  xb3_24c.o(.data)
    str_quat_z                               0x2000012b   Data           8  xb3_24c.o(.data)
    epts_yaw                                 0x20000134   Data           4  xb3_24c.o(.data)
    epts_pitch                               0x20000138   Data           4  xb3_24c.o(.data)
    epts_roll                                0x2000013c   Data           4  xb3_24c.o(.data)
    epts_quat_w                              0x20000140   Data           4  xb3_24c.o(.data)
    epts_quat_x                              0x20000144   Data           4  xb3_24c.o(.data)
    epts_quat_y                              0x20000148   Data           4  xb3_24c.o(.data)
    epts_quat_z                              0x2000014c   Data           4  xb3_24c.o(.data)
    SystemCoreClock                          0x20000150   Data           4  system_stm32l0xx.o(.data)
    GPS_DATA_BUF                             0x20000154   Data         164  cam_m8q.o(.bss)
    GPS_DATA_BUF_TMP                         0x200001f8   Data         164  cam_m8q.o(.bss)
    RX_Data                                  0x2000029c   Data         128  xb3_24c.o(.bss)
    str_epts_pitch                           0x2000031c   Data          10  xb3_24c.o(.bss)
    str_epts_yaw                             0x20000326   Data          10  xb3_24c.o(.bss)
    str_epts_roll                            0x20000330   Data          10  xb3_24c.o(.bss)
    DataPack                                 0x2000033a   Data         128  xb3_24c.o(.bss)
    strAccX                                  0x200003ba   Data          10  xb3_24c.o(.bss)
    strAccY                                  0x200003c4   Data          10  xb3_24c.o(.bss)
    strAccZ                                  0x200003ce   Data          10  xb3_24c.o(.bss)
    strGyroX                                 0x200003d8   Data          10  xb3_24c.o(.bss)
    strGyroY                                 0x200003e2   Data          10  xb3_24c.o(.bss)
    strGyroZ                                 0x200003ec   Data          10  xb3_24c.o(.bss)
    strMagX                                  0x200003f6   Data          10  xb3_24c.o(.bss)
    strMagY                                  0x20000400   Data          10  xb3_24c.o(.bss)
    strMagZ                                  0x2000040a   Data          10  xb3_24c.o(.bss)
    AT                                       0x20000414   Data          34  xb3_24c.o(.bss)
    __libspace_start                         0x20000438   Data          96  libspace.o(.bss)
    __temporary_stack_top$libspace           0x20000498   Data           0  libspace.o(.bss)



==============================================================================

Memory Map of the image

  Image Entry point : 0x080000c1

  Load Region LR_IROM1 (Base: 0x08000000, Size: 0x000018f0, Max: 0x00010000, ABSOLUTE, COMPRESSED[0x000017d8])

    Execution Region ER_IROM1 (Exec base: 0x08000000, Load base: 0x08000000, Size: 0x0000179c, Max: 0x00010000, ABSOLUTE)

    Exec Addr    Load Addr    Size         Type   Attr      Idx    E Section Name        Object

    0x08000000   0x08000000   0x000000c0   Data   RO         1336    RESET               startup_stm32l053xx.o
    0x080000c0   0x080000c0   0x00000008   Code   RO         1396  * !!!main             c_p.l(__main.o)
    0x080000c8   0x080000c8   0x0000003c   Code   RO         1829    !!!scatter          c_p.l(__scatter.o)
    0x08000104   0x08000104   0x0000001c   Code   RO         1831    !!handler_zi        c_p.l(__scatter_zi.o)
    0x08000120   0x08000120   0x00000002   Code   RO         1649    .ARM.Collect$$libinit$$00000000  c_p.l(libinit.o)
    0x08000122   0x08000122   0x00000000   Code   RO         1651    .ARM.Collect$$libinit$$00000002  c_p.l(libinit2.o)
    0x08000122   0x08000122   0x00000000   Code   RO         1653    .ARM.Collect$$libinit$$00000004  c_p.l(libinit2.o)
    0x08000122   0x08000122   0x00000000   Code   RO         1656    .ARM.Collect$$libinit$$0000000A  c_p.l(libinit2.o)
    0x08000122   0x08000122   0x00000000   Code   RO         1658    .ARM.Collect$$libinit$$0000000C  c_p.l(libinit2.o)
    0x08000122   0x08000122   0x00000000   Code   RO         1660    .ARM.Collect$$libinit$$0000000E  c_p.l(libinit2.o)
    0x08000122   0x08000122   0x00000000   Code   RO         1663    .ARM.Collect$$libinit$$00000011  c_p.l(libinit2.o)
    0x08000122   0x08000122   0x00000000   Code   RO         1665    .ARM.Collect$$libinit$$00000013  c_p.l(libinit2.o)
    0x08000122   0x08000122   0x00000000   Code   RO         1667    .ARM.Collect$$libinit$$00000015  c_p.l(libinit2.o)
    0x08000122   0x08000122   0x00000000   Code   RO         1669    .ARM.Collect$$libinit$$00000017  c_p.l(libinit2.o)
    0x08000122   0x08000122   0x00000000   Code   RO         1671    .ARM.Collect$$libinit$$00000019  c_p.l(libinit2.o)
    0x08000122   0x08000122   0x00000000   Code   RO         1673    .ARM.Collect$$libinit$$0000001B  c_p.l(libinit2.o)
    0x08000122   0x08000122   0x00000000   Code   RO         1675    .ARM.Collect$$libinit$$0000001D  c_p.l(libinit2.o)
    0x08000122   0x08000122   0x00000000   Code   RO         1677    .ARM.Collect$$libinit$$0000001F  c_p.l(libinit2.o)
    0x08000122   0x08000122   0x00000000   Code   RO         1679    .ARM.Collect$$libinit$$00000021  c_p.l(libinit2.o)
    0x08000122   0x08000122   0x00000000   Code   RO         1681    .ARM.Collect$$libinit$$00000023  c_p.l(libinit2.o)
    0x08000122   0x08000122   0x00000000   Code   RO         1683    .ARM.Collect$$libinit$$00000025  c_p.l(libinit2.o)
    0x08000122   0x08000122   0x00000000   Code   RO         1687    .ARM.Collect$$libinit$$0000002C  c_p.l(libinit2.o)
    0x08000122   0x08000122   0x00000000   Code   RO         1689    .ARM.Collect$$libinit$$0000002E  c_p.l(libinit2.o)
    0x08000122   0x08000122   0x00000000   Code   RO         1691    .ARM.Collect$$libinit$$00000030  c_p.l(libinit2.o)
    0x08000122   0x08000122   0x00000000   Code   RO         1693    .ARM.Collect$$libinit$$00000032  c_p.l(libinit2.o)
    0x08000122   0x08000122   0x00000002   Code   RO         1694    .ARM.Collect$$libinit$$00000033  c_p.l(libinit2.o)
    0x08000124   0x08000124   0x00000002   Code   RO         1797    .ARM.Collect$$libshutdown$$00000000  c_p.l(libshutdown.o)
    0x08000126   0x08000126   0x00000000   Code   RO         1811    .ARM.Collect$$libshutdown$$00000002  c_p.l(libshutdown2.o)
    0x08000126   0x08000126   0x00000000   Code   RO         1813    .ARM.Collect$$libshutdown$$00000004  c_p.l(libshutdown2.o)
    0x08000126   0x08000126   0x00000000   Code   RO         1816    .ARM.Collect$$libshutdown$$00000007  c_p.l(libshutdown2.o)
    0x08000126   0x08000126   0x00000000   Code   RO         1819    .ARM.Collect$$libshutdown$$0000000A  c_p.l(libshutdown2.o)
    0x08000126   0x08000126   0x00000000   Code   RO         1821    .ARM.Collect$$libshutdown$$0000000C  c_p.l(libshutdown2.o)
    0x08000126   0x08000126   0x00000000   Code   RO         1824    .ARM.Collect$$libshutdown$$0000000F  c_p.l(libshutdown2.o)
    0x08000126   0x08000126   0x00000002   Code   RO         1825    .ARM.Collect$$libshutdown$$00000010  c_p.l(libshutdown2.o)
    0x08000128   0x08000128   0x00000000   Code   RO         1492    .ARM.Collect$$rtentry$$00000000  c_p.l(__rtentry.o)
    0x08000128   0x08000128   0x00000000   Code   RO         1571    .ARM.Collect$$rtentry$$00000002  c_p.l(__rtentry2.o)
    0x08000128   0x08000128   0x00000006   Code   RO         1583    .ARM.Collect$$rtentry$$00000004  c_p.l(__rtentry4.o)
    0x0800012e   0x0800012e   0x00000000   Code   RO         1573    .ARM.Collect$$rtentry$$00000009  c_p.l(__rtentry2.o)
    0x0800012e   0x0800012e   0x00000004   Code   RO         1574    .ARM.Collect$$rtentry$$0000000A  c_p.l(__rtentry2.o)
    0x08000132   0x08000132   0x00000000   Code   RO         1576    .ARM.Collect$$rtentry$$0000000C  c_p.l(__rtentry2.o)
    0x08000132   0x08000132   0x00000008   Code   RO         1577    .ARM.Collect$$rtentry$$0000000D  c_p.l(__rtentry2.o)
    0x0800013a   0x0800013a   0x00000002   Code   RO         1698    .ARM.Collect$$rtexit$$00000000  c_p.l(rtexit.o)
    0x0800013c   0x0800013c   0x00000000   Code   RO         1747    .ARM.Collect$$rtexit$$00000002  c_p.l(rtexit2.o)
    0x0800013c   0x0800013c   0x00000004   Code   RO         1748    .ARM.Collect$$rtexit$$00000003  c_p.l(rtexit2.o)
    0x08000140   0x08000140   0x00000006   Code   RO         1749    .ARM.Collect$$rtexit$$00000004  c_p.l(rtexit2.o)
    0x08000146   0x08000146   0x00000002   PAD
    0x08000148   0x08000148   0x00000038   Code   RO         1384    .emb_text           c_p.l(rt_memcpy.o)
    0x08000180   0x08000180   0x00000038   Code   RO         1337    .text               startup_stm32l053xx.o
    0x080001b8   0x080001b8   0x0000007c   Code   RO         1376    .text               c_p.l(assert.o)
    0x08000234   0x08000234   0x000000a0   Code   RO         1380    .text               c_p.l(strncmp.o)
    0x080002d4   0x080002d4   0x00000082   Code   RO         1385    .text               c_p.l(rt_memcpy.o)
    0x08000356   0x08000356   0x00000040   Code   RO         1388    .text               c_p.l(rt_memclr.o)
    0x08000396   0x08000396   0x0000015a   Code   RO         1390    .text               c_p.l(aeabi_sdiv.o)
    0x080004f0   0x080004f0   0x00000006   Code   RO         1394    .text               c_p.l(heapauxi.o)
    0x080004f6   0x080004f6   0x00000014   Code   RO         1501    .text               c_p.l(abort.o)
    0x0800050a   0x0800050a   0x00000014   Code   RO         1503    .text               c_p.l(assert_puts.o)
    0x0800051e   0x0800051e   0x0000000c   Code   RO         1566    .text               c_p.l(sys_wrch.o)
    0x0800052a   0x0800052a   0x00000002   PAD
    0x0800052c   0x0800052c   0x0000000c   Code   RO         1568    .text               c_p.l(sys_exit.o)
    0x08000538   0x08000538   0x0000000c   Code   RO         1599    .text               c_p.l(defsig_abrt_outer.o)
    0x08000544   0x08000544   0x00000008   Code   RO         1615    .text               c_p.l(libspace.o)
    0x0800054c   0x0800054c   0x00000002   Code   RO         1618    .text               c_p.l(use_no_semi.o)
    0x0800054e   0x0800054e   0x00000000   Code   RO         1620    .text               c_p.l(indicate_semi.o)
    0x0800054e   0x0800054e   0x0000003e   Code   RO         1621    .text               c_p.l(sys_stackheap_outer.o)
    0x0800058c   0x0800058c   0x00000010   Code   RO         1632    .text               c_p.l(exit.o)
    0x0800059c   0x0800059c   0x0000000c   Code   RO         1634    .text               c_p.l(defsig_exit.o)
    0x080005a8   0x080005a8   0x00000030   Code   RO         1636    .text               c_p.l(defsig_abrt_inner.o)
    0x080005d8   0x080005d8   0x00000034   Code   RO         1720    .text               c_p.l(defsig_general.o)
    0x0800060c   0x0800060c   0x00000056   Code   RO         1827    .text               c_p.l(__dczerorl2.o)
    0x08000662   0x08000662   0x00000004   Code   RO            3    i.BtnCallback       main.o
    0x08000666   0x08000666   0x00000002   PAD
    0x08000668   0x08000668   0x00000030   Code   RO          492    i.EXTI0_1_IRQHandler  interrupt.o
    0x08000698   0x08000698   0x00000002   Code   RO          493    i.EXTI4_15_IRQHandler  interrupt.o
    0x0800069a   0x0800069a   0x00000002   PAD
    0x0800069c   0x0800069c   0x000000a8   Code   RO          340    i.GPIO_Init         gpio.o
    0x08000744   0x08000744   0x00000012   Code   RO          341    i.GPIO_Off          gpio.o
    0x08000756   0x08000756   0x0000000e   Code   RO          342    i.GPIO_On           gpio.o
    0x08000764   0x08000764   0x00000024   Code   RO          494    i.HardFault_Handler  interrupt.o
    0x08000788   0x08000788   0x0000000c   Code   RO          495    i.I2C1_IRQHandler   interrupt.o
    0x08000794   0x08000794   0x00000002   Code   RO          496    i.NMI_Handler       interrupt.o
    0x08000796   0x08000796   0x00000002   PAD
    0x08000798   0x08000798   0x00000014   Code   RO            6    i.NVIC_EnableIRQ    main.o
    0x080007ac   0x080007ac   0x00000078   Code   RO            7    i.NVIC_SetPriority  main.o
    0x08000824   0x08000824   0x00000078   Code   RO          497    i.NVIC_SetPriority  interrupt.o
    0x0800089c   0x0800089c   0x00000002   Code   RO          498    i.PendSV_Handler    interrupt.o
    0x0800089e   0x0800089e   0x00000002   PAD
    0x080008a0   0x080008a0   0x00000088   Code   RO          499    i.RCC_CRS_IRQHandler  interrupt.o
    0x08000928   0x08000928   0x000000a4   Code   RO         1056    i.RNG_LPUART1_IRQHandler  xb3_24c.o
    0x080009cc   0x080009cc   0x00000020   Code   RO          500    i.RTC_IRQHandler    interrupt.o
    0x080009ec   0x080009ec   0x000000dc   Code   RO          741    i.RecDataToGPSbuffer  cam_m8q.o
    0x08000ac8   0x08000ac8   0x0000002c   Code   RO          436    i.Reset_I2C         i2c.o
    0x08000af4   0x08000af4   0x00000002   Code   RO          501    i.SVC_Handler       interrupt.o
    0x08000af6   0x08000af6   0x00000008   Code   RO          502    i.SysTick_Handler   interrupt.o
    0x08000afe   0x08000afe   0x00000002   PAD
    0x08000b00   0x08000b00   0x000000fc   Code   RO         1343    i.SystemCoreClockUpdate  system_stm32l0xx.o
    0x08000bfc   0x08000bfc   0x00000068   Code   RO         1344    i.SystemInit        system_stm32l0xx.o
    0x08000c64   0x08000c64   0x00000028   Code   RO          742    i.USART1_IRQHandler  cam_m8q.o
    0x08000c8c   0x08000c8c   0x00000268   Code   RO          395    i.arrangeGPIOforSleep  hw.o
    0x08000ef4   0x08000ef4   0x00000040   Code   RO         1007    i.btn_isr           btn.o
    0x08000f34   0x08000f34   0x000000b4   Code   RO         1008    i.btn_registerCallback  btn.o
    0x08000fe8   0x08000fe8   0x00000118   Code   RO          397    i.hw_initSysclock   hw.o
    0x08001100   0x08001100   0x00000080   Code   RO            8    i.ledStatusFlagsUpdate  main.o
    0x08001180   0x08001180   0x000000a0   Code   RO          583    i.led_init          led.o
    0x08001220   0x08001220   0x000000a8   Code   RO            9    i.main              main.o
    0x080012c8   0x080012c8   0x00000010   Code   RO           10    i.peripheralPowerOff  main.o
    0x080012d8   0x080012d8   0x00000010   Code   RO           11    i.peripheralPowerOn  main.o
    0x080012e8   0x080012e8   0x00000030   Code   RO           12    i.powerConPinInit   main.o
    0x08001318   0x08001318   0x00000010   Code   RO          586    i.rgb_blue_led_clear  led.o
    0x08001328   0x08001328   0x00000010   Code   RO          587    i.rgb_blue_led_set  led.o
    0x08001338   0x08001338   0x00000010   Code   RO          588    i.rgb_control_clear  led.o
    0x08001348   0x08001348   0x00000010   Code   RO          589    i.rgb_control_set   led.o
    0x08001358   0x08001358   0x00000010   Code   RO          590    i.rgb_green_led_clear  led.o
    0x08001368   0x08001368   0x00000010   Code   RO          591    i.rgb_green_led_set  led.o
    0x08001378   0x08001378   0x0000000e   Code   RO          592    i.rgb_red_led_clear  led.o
    0x08001386   0x08001386   0x0000000e   Code   RO          593    i.rgb_red_led_set   led.o
    0x08001394   0x08001394   0x000001ac   Code   RO           13    i.sleepCon          main.o
    0x08001540   0x08001540   0x00000018   Code   RO          955    i.systick_delayMs   systick.o
    0x08001558   0x08001558   0x00000150   Code   RO          958    i.systick_irq       systick.o
    0x080016a8   0x080016a8   0x00000078   Code   RO           16    i.updateGpsLookingForLed  main.o
    0x08001720   0x08001720   0x0000000a   Code   RO           18    i.waitAlittle       main.o
    0x0800172a   0x0800172a   0x00000002   PAD
    0x0800172c   0x0800172c   0x00000020   Code   RO           19    i.wakeUp            main.o
    0x0800174c   0x0800174c   0x0000000d   Data   RO         1068    .constdata          xb3_24c.o
    0x08001759   0x08001759   0x00000021   Data   RO         1345    .constdata          system_stm32l0xx.o
    0x0800177a   0x0800177a   0x00000002   PAD
    0x0800177c   0x0800177c   0x00000020   Data   RO         1826    Region$$Table       anon$$obj.o


    Execution Region RW_IRAM1 (Exec base: 0x20000000, Load base: 0x0800179c, Size: 0x00000a98, Max: 0x00002000, ABSOLUTE, COMPRESSED[0x0000003c])

    Exec Addr    Load Addr    Size         Type   Attr      Idx    E Section Name        Object

    0x20000000   COMPRESSED   0x0000004c   Data   RW           27    .data               main.o
    0x2000004c   COMPRESSED   0x00000004   Data   RW          503    .data               interrupt.o
    0x20000050   COMPRESSED   0x0000004e   Data   RW          749    .data               cam_m8q.o
    0x2000009e   COMPRESSED   0x00000002   PAD
    0x200000a0   COMPRESSED   0x00000050   Data   RW          959    .data               systick.o
    0x200000f0   COMPRESSED   0x00000006   Data   RW         1009    .data               btn.o
    0x200000f6   COMPRESSED   0x00000002   PAD
    0x200000f8   COMPRESSED   0x00000058   Data   RW         1069    .data               xb3_24c.o
    0x20000150   COMPRESSED   0x00000004   Data   RW         1346    .data               system_stm32l0xx.o
    0x20000154        -       0x00000148   Zero   RW          747    .bss                cam_m8q.o
    0x2000029c        -       0x0000019a   Zero   RW         1067    .bss                xb3_24c.o
    0x20000436   COMPRESSED   0x00000002   PAD
    0x20000438        -       0x00000060   Zero   RW         1616    .bss                c_p.l(libspace.o)
    0x20000498        -       0x00000200   Zero   RW         1335    HEAP                startup_stm32l053xx.o
    0x20000698        -       0x00000400   Zero   RW         1334    STACK               startup_stm32l053xx.o


==============================================================================

Image component sizes


      Code (inc. data)   RO Data    RW Data    ZI Data      Debug   Object Name

       244        124          0          6          0       1793   btn.o
         0          0          0          0          0        720   button.o
       260         28          0         78        328       2693   cam_m8q.o
       200         18          0          0          0       2625   gpio.o
       896         18          0          0          0       1244   hw.o
        44          6          0          0          0        408   i2c.o
       400         62          0          4          0      12548   interrupt.o
       284         28          0          0          0       3893   led.o
      1110        142          0         76          0     138814   main.o
        56         26        192          0       1536        616   startup_stm32l053xx.o
       356         38         33          4          0       1919   system_stm32l0xx.o
       360         84          0         80          0       1799   systick.o
       164         34         13         88        410       3788   xb3_24c.o

    ----------------------------------------------------------------------
      4386        608        272        340       2276     172860   Object Totals
         0          0         32          0          0          0   (incl. Generated)
        12          0          2          4          2          0   (incl. Padding)

    ----------------------------------------------------------------------

      Code (inc. data)   RO Data    RW Data    ZI Data      Debug   Library Member Name

        86          0          0          0          0          0   __dczerorl2.o
         8          0          0          0          0         68   __main.o
         0          0          0          0          0          0   __rtentry.o
        12          0          0          0          0          0   __rtentry2.o
         6          0          0          0          0          0   __rtentry4.o
        60          8          0          0          0          0   __scatter.o
        28          0          0          0          0          0   __scatter_zi.o
        20          0          0          0          0         68   abort.o
       346          0          0          0          0         92   aeabi_sdiv.o
       124         42          0          0          0         68   assert.o
        20          0          0          0          0         68   assert_puts.o
        48         34          0          0          0         68   defsig_abrt_inner.o
        12          0          0          0          0         68   defsig_abrt_outer.o
        12          0          0          0          0         68   defsig_exit.o
        52          0          0          0          0         72   defsig_general.o
        16          0          0          0          0         68   exit.o
         6          0          0          0          0        136   heapauxi.o
         0          0          0          0          0          0   indicate_semi.o
         2          0          0          0          0          0   libinit.o
         2          0          0          0          0          0   libinit2.o
         2          0          0          0          0          0   libshutdown.o
         2          0          0          0          0          0   libshutdown2.o
         8          4          0          0         96         68   libspace.o
        64          0          0          0          0        108   rt_memclr.o
       186          0          0          0          0        144   rt_memcpy.o
         2          0          0          0          0          0   rtexit.o
        10          0          0          0          0          0   rtexit2.o
       160          6          0          0          0         76   strncmp.o
        12          4          0          0          0         60   sys_exit.o
        62          0          0          0          0         80   sys_stackheap_outer.o
        12          0          0          0          0         68   sys_wrch.o
         2          0          0          0          0         68   use_no_semi.o

    ----------------------------------------------------------------------
      1386         98          0          0         96       1516   Library Totals
         4          0          0          0          0          0   (incl. Padding)

    ----------------------------------------------------------------------

      Code (inc. data)   RO Data    RW Data    ZI Data      Debug   Library Name

      1382         98          0          0         96       1516   c_p.l

    ----------------------------------------------------------------------
      1386         98          0          0         96       1516   Library Totals

    ----------------------------------------------------------------------

==============================================================================


      Code (inc. data)   RO Data    RW Data    ZI Data      Debug   

      5772        706        272        340       2372     171720   Grand Totals
      5772        706        272         60       2372     171720   ELF Image Totals (compressed)
      5772        706        272         60          0          0   ROM Totals

==============================================================================

    Total RO  Size (Code + RO Data)                 6044 (   5.90kB)
    Total RW  Size (RW Data + ZI Data)              2712 (   2.65kB)
    Total ROM Size (Code + RO Data + RW Data)       6104 (   5.96kB)

==============================================================================

